Archive member included to satisfy reference by file (symbol)

c:/progra~1/raspbe~1/picosd~1.0/gcc-ar~1/bin/../lib/gcc/arm-none-eabi/10.3.1/thumb/v6-m/nofp\libgcc.a(_dvmd_tls.o)
                              CMakeFiles/blink.dir/C_/Program_Files/Raspberry_Pi/Pico_SDK_v1.5.0/pico-sdk/src/rp2_common/pico_divider/divider.S.obj (__aeabi_idiv0)
c:/progra~1/raspbe~1/picosd~1.0/gcc-ar~1/bin/../lib/gcc/arm-none-eabi/10.3.1/../../../../arm-none-eabi/lib/thumb/v6-m/nofp\libg.a(lib_a-calloc.o)
                              CMakeFiles/blink.dir/C_/Program_Files/Raspberry_Pi/Pico_SDK_v1.5.0/pico-sdk/src/rp2_common/pico_malloc/pico_malloc.c.obj (calloc)
c:/progra~1/raspbe~1/picosd~1.0/gcc-ar~1/bin/../lib/gcc/arm-none-eabi/10.3.1/../../../../arm-none-eabi/lib/thumb/v6-m/nofp\libg.a(lib_a-callocr.o)
                              c:/progra~1/raspbe~1/picosd~1.0/gcc-ar~1/bin/../lib/gcc/arm-none-eabi/10.3.1/../../../../arm-none-eabi/lib/thumb/v6-m/nofp\libg.a(lib_a-calloc.o) (_calloc_r)
c:/progra~1/raspbe~1/picosd~1.0/gcc-ar~1/bin/../lib/gcc/arm-none-eabi/10.3.1/../../../../arm-none-eabi/lib/thumb/v6-m/nofp\libg.a(lib_a-errno.o)
                              c:/progra~1/raspbe~1/picosd~1.0/gcc-ar~1/bin/../lib/gcc/arm-none-eabi/10.3.1/../../../../arm-none-eabi/lib/thumb/v6-m/nofp\libg.a(lib_a-callocr.o) (__errno)
c:/progra~1/raspbe~1/picosd~1.0/gcc-ar~1/bin/../lib/gcc/arm-none-eabi/10.3.1/../../../../arm-none-eabi/lib/thumb/v6-m/nofp\libg.a(lib_a-impure.o)
                              c:/progra~1/raspbe~1/picosd~1.0/gcc-ar~1/bin/../lib/gcc/arm-none-eabi/10.3.1/../../../../arm-none-eabi/lib/thumb/v6-m/nofp\libg.a(lib_a-calloc.o) (_impure_ptr)
c:/progra~1/raspbe~1/picosd~1.0/gcc-ar~1/bin/../lib/gcc/arm-none-eabi/10.3.1/../../../../arm-none-eabi/lib/thumb/v6-m/nofp\libg.a(lib_a-init.o)
                              c:/progra~1/raspbe~1/picosd~1.0/gcc-ar~1/bin/../lib/gcc/arm-none-eabi/10.3.1/../../../../arm-none-eabi/lib/thumb/v6-m/nofp/crt0.o (__libc_init_array)
c:/progra~1/raspbe~1/picosd~1.0/gcc-ar~1/bin/../lib/gcc/arm-none-eabi/10.3.1/../../../../arm-none-eabi/lib/thumb/v6-m/nofp\libg.a(lib_a-malloc.o)
                              CMakeFiles/blink.dir/C_/Program_Files/Raspberry_Pi/Pico_SDK_v1.5.0/pico-sdk/src/rp2_common/pico_malloc/pico_malloc.c.obj (malloc)
c:/progra~1/raspbe~1/picosd~1.0/gcc-ar~1/bin/../lib/gcc/arm-none-eabi/10.3.1/../../../../arm-none-eabi/lib/thumb/v6-m/nofp\libg.a(lib_a-mallocr.o)
                              c:/progra~1/raspbe~1/picosd~1.0/gcc-ar~1/bin/../lib/gcc/arm-none-eabi/10.3.1/../../../../arm-none-eabi/lib/thumb/v6-m/nofp\libg.a(lib_a-callocr.o) (_malloc_r)
c:/progra~1/raspbe~1/picosd~1.0/gcc-ar~1/bin/../lib/gcc/arm-none-eabi/10.3.1/../../../../arm-none-eabi/lib/thumb/v6-m/nofp\libg.a(lib_a-mlock.o)
                              c:/progra~1/raspbe~1/picosd~1.0/gcc-ar~1/bin/../lib/gcc/arm-none-eabi/10.3.1/../../../../arm-none-eabi/lib/thumb/v6-m/nofp\libg.a(lib_a-mallocr.o) (__malloc_lock)
c:/progra~1/raspbe~1/picosd~1.0/gcc-ar~1/bin/../lib/gcc/arm-none-eabi/10.3.1/../../../../arm-none-eabi/lib/thumb/v6-m/nofp\libg.a(lib_a-realloc.o)
                              CMakeFiles/blink.dir/C_/Program_Files/Raspberry_Pi/Pico_SDK_v1.5.0/pico-sdk/src/rp2_common/pico_malloc/pico_malloc.c.obj (realloc)
c:/progra~1/raspbe~1/picosd~1.0/gcc-ar~1/bin/../lib/gcc/arm-none-eabi/10.3.1/../../../../arm-none-eabi/lib/thumb/v6-m/nofp\libg.a(lib_a-reallocr.o)
                              c:/progra~1/raspbe~1/picosd~1.0/gcc-ar~1/bin/../lib/gcc/arm-none-eabi/10.3.1/../../../../arm-none-eabi/lib/thumb/v6-m/nofp\libg.a(lib_a-realloc.o) (_realloc_r)
c:/progra~1/raspbe~1/picosd~1.0/gcc-ar~1/bin/../lib/gcc/arm-none-eabi/10.3.1/../../../../arm-none-eabi/lib/thumb/v6-m/nofp\libg.a(lib_a-sbrkr.o)
                              c:/progra~1/raspbe~1/picosd~1.0/gcc-ar~1/bin/../lib/gcc/arm-none-eabi/10.3.1/../../../../arm-none-eabi/lib/thumb/v6-m/nofp\libg.a(lib_a-mallocr.o) (_sbrk_r)
c:/progra~1/raspbe~1/picosd~1.0/gcc-ar~1/bin/../lib/gcc/arm-none-eabi/10.3.1/../../../../arm-none-eabi/lib/thumb/v6-m/nofp\libg.a(lib_a-strlen-stub.o)
                              CMakeFiles/blink.dir/C_/Program_Files/Raspberry_Pi/Pico_SDK_v1.5.0/pico-sdk/src/rp2_common/pico_stdio/stdio.c.obj (strlen)
c:/progra~1/raspbe~1/picosd~1.0/gcc-ar~1/bin/../lib/gcc/arm-none-eabi/10.3.1/../../../../arm-none-eabi/lib/thumb/v6-m/nofp\libg.a(lib_a-freer.o)
                              c:/progra~1/raspbe~1/picosd~1.0/gcc-ar~1/bin/../lib/gcc/arm-none-eabi/10.3.1/../../../../arm-none-eabi/lib/thumb/v6-m/nofp\libg.a(lib_a-malloc.o) (_free_r)
c:/progra~1/raspbe~1/picosd~1.0/gcc-ar~1/bin/../lib/gcc/arm-none-eabi/10.3.1/../../../../arm-none-eabi/lib/thumb/v6-m/nofp\libg.a(lib_a-lock.o)
                              c:/progra~1/raspbe~1/picosd~1.0/gcc-ar~1/bin/../lib/gcc/arm-none-eabi/10.3.1/../../../../arm-none-eabi/lib/thumb/v6-m/nofp\libg.a(lib_a-mlock.o) (__retarget_lock_acquire_recursive)
[...]
Memory Configuration

Name             Origin             Length             Attributes
FLASH            0x10000000         0x00200000         xr
RAM              0x20000000         0x00040000         xrw
SCRATCH_X        0x20040000         0x00001000         xrw
SCRATCH_Y        0x20041000         0x00001000         xrw
*default*        0x00000000         0xffffffff

Linker script and memory map

LOAD c:/progra~1/raspbe~1/picosd~1.0/gcc-ar~1/bin/../lib/gcc/arm-none-eabi/10.3.1/thumb/v6-m/nofp/crti.o
LOAD c:/progra~1/raspbe~1/picosd~1.0/gcc-ar~1/bin/../lib/gcc/arm-none-eabi/10.3.1/thumb/v6-m/nofp/crtbegin.o
LOAD c:/progra~1/raspbe~1/picosd~1.0/gcc-ar~1/bin/../lib/gcc/arm-none-eabi/10.3.1/../../../../arm-none-eabi/lib/thumb/v6-m/nofp/crt0.o

.flash_begin    0x10000000        0x0
                0x10000000                __flash_binary_start = .

.boot2          0x10000000      0x100
                0x10000000                __boot2_start__ = .
 *(.boot2)
 .boot2         0x10000000      0x100 C:\Users\vivek\AppData\Local\Temp\ccKnEaBP.o
                0x10000100                __boot2_end__ = .
                0x00000001                ASSERT (((__boot2_end__ - __boot2_start__) == 0x100), ERROR: Pico second stage bootloader must be 256 bytes in size)

.text           0x10000100     0x7b08
                0x10000100                __logical_binary_start = .
 *(.vectors)
 .vectors       0x10000100       0xd4 CMakeFiles/blink.dir/C_/Program_Files/Raspberry_Pi/Pico_SDK_v1.5.0/pico-sdk/src/rp2_common/pico_standard_link/crt0.S.obj
                0x10000100                __VECTOR_TABLE
                0x10000100                __vectors
                0x100001c0                isr_invalid
                0x100001c0                __default_isrs_start
                0x100001c2                isr_nmi
                0x100001c4                isr_hardfault
                0x100001c6                isr_svcall
                0x100001c8                isr_pendsv
                0x100001ca                isr_systick
                0x100001cc                isr_irq23
                0x100001cc                isr_irq18
                0x100001cc                isr_irq11
                0x100001cc                isr_irq28
                0x100001cc                isr_irq19
                0x100001cc                isr_irq0
                0x100001cc                isr_irq6
                0x100001cc                isr_irq5
                0x100001cc                isr_irq12
                0x100001cc                isr_irq22
                0x100001cc                isr_irq31
                0x100001cc                isr_irq17
                0x100001cc                isr_irq27
                0x100001cc                isr_irq30
                0x100001cc                isr_irq2
                0x100001cc                isr_irq10
                0x100001cc                isr_irq8
                0x100001cc                isr_irq24
                0x100001cc                isr_irq1
                0x100001cc                isr_irq7
                0x100001cc                isr_irq21
                0x100001cc                isr_irq20
                0x100001cc                isr_irq15
                0x100001cc                isr_irq25
                0x100001cc                isr_irq13
                0x100001cc                __unhandled_user_irq
                0x100001cc                isr_irq4
                0x100001cc                isr_irq16
                0x100001cc                isr_irq29
                0x100001cc                isr_irq26
                0x100001cc                __default_isrs_end
                0x100001cc                isr_irq3
                0x100001cc                isr_irq14
                0x100001cc                isr_irq9
                0x100001d2                unhandled_user_irq_num_in_r0
 *(.binary_info_header)
 .binary_info_header
                0x100001d4       0x14 CMakeFiles/blink.dir/C_/Program_Files/Raspberry_Pi/Pico_SDK_v1.5.0/pico-sdk/src/rp2_common/pico_standard_link/crt0.S.obj
                0x100001e8                __binary_info_header_end = .
 *(.reset)
 .reset         0x100001e8       0xa0 CMakeFiles/blink.dir/C_/Program_Files/Raspberry_Pi/Pico_SDK_v1.5.0/pico-sdk/src/rp2_common/pico_standard_link/crt0.S.obj
                0x100001e8                _entry_point
 .reset         0x10000288       0x30 CMakeFiles/blink.dir/C_/Program_Files/Raspberry_Pi/Pico_SDK_v1.5.0/pico-sdk/src/rp2_common/pico_standard_link/binary_info.c.obj
 *(.init)
 .init          0x100002b8        0x4 c:/progra~1/raspbe~1/picosd~1.0/gcc-ar~1/bin/../lib/gcc/arm-none-eabi/10.3.1/thumb/v6-m/nofp/crti.o
                0x100002b8                _init
 *(EXCLUDE_FILE(*libm.a: *libc.a:*lib_a-mem*.o *libgcc.a:) .text*)
 .text          0x100002bc       0x48 c:/progra~1/raspbe~1/picosd~1.0/gcc-ar~1/bin/../lib/gcc/arm-none-eabi/10.3.1/thumb/v6-m/nofp/crtbegin.o
 .text._Z5core2v
                0x10000304       0x30 CMakeFiles/blink.dir/main.cpp.obj
                0x10000304                core2()
 .text._Z19output_program_initP8pio_hw_tjjjf
                0x10000334      0x158 CMakeFiles/blink.dir/main.cpp.obj
                0x10000334                output_program_init(pio_hw_t*, unsigned int, unsigned int, unsigned int, float)
 .text._Z8dacWritemmm
                0x1000048c       0x60 CMakeFiles/blink.dir/main.cpp.obj
                0x1000048c                dacWrite(unsigned long, unsigned long, unsigned long)
 .text.main     0x100004ec       0xe4 CMakeFiles/blink.dir/main.cpp.obj
                0x100004ec                main
 .text.set_sys_clock_pll
                0x100005d0       0x78 CMakeFiles/blink.dir/C_/Program_Files/Raspberry_Pi/Pico_SDK_v1.5.0/pico-sdk/src/rp2_common/pico_stdlib/stdlib.c.obj
                0x100005d0                set_sys_clock_pll
 .text.check_sys_clock_khz
                0x10000648       0xb0 CMakeFiles/blink.dir/C_/Program_Files/Raspberry_Pi/Pico_SDK_v1.5.0/pico-sdk/src/rp2_common/pico_stdlib/stdlib.c.obj
                0x10000648                check_sys_clock_khz
 .text.gpio_set_function
                0x100006f8       0x30 CMakeFiles/blink.dir/C_/Program_Files/Raspberry_Pi/Pico_SDK_v1.5.0/pico-sdk/src/rp2_common/hardware_gpio/gpio.c.obj
                0x100006f8                gpio_set_function
 .text.gpio_set_pulls
                0x10000728       0x34 CMakeFiles/blink.dir/C_/Program_Files/Raspberry_Pi/Pico_SDK_v1.5.0/pico-sdk/src/rp2_common/hardware_gpio/gpio.c.obj
                0x10000728                gpio_set_pulls
 .text.gpio_init
                0x1000075c       0x16 CMakeFiles/blink.dir/C_/Program_Files/Raspberry_Pi/Pico_SDK_v1.5.0/pico-sdk/src/rp2_common/hardware_gpio/gpio.c.obj
                0x1000075c                gpio_init
 *fill*         0x10000772        0x2 
 .text.running_on_fpga
                0x10000774       0x14 CMakeFiles/blink.dir/C_/Program_Files/Raspberry_Pi/Pico_SDK_v1.5.0/pico-sdk/src/rp2_common/pico_platform/platform.c.obj
                0x10000774                running_on_fpga
 .text.hw_claim_lock
                0x10000788       0x18 CMakeFiles/blink.dir/C_/Program_Files/Raspberry_Pi/Pico_SDK_v1.5.0/pico-sdk/src/rp2_common/hardware_claim/claim.c.obj
                0x10000788                hw_claim_lock
 .text.hw_claim_unlock
                0x100007a0       0x14 CMakeFiles/blink.dir/C_/Program_Files/Raspberry_Pi/Pico_SDK_v1.5.0/pico-sdk/src/rp2_common/hardware_claim/claim.c.obj
                0x100007a0                hw_claim_unlock
 .text.hw_claim_or_assert
                0x100007b4       0x32 CMakeFiles/blink.dir/C_/Program_Files/Raspberry_Pi/Pico_SDK_v1.5.0/pico-sdk/src/rp2_common/hardware_claim/claim.c.obj
                0x100007b4                hw_claim_or_assert
 .text.hw_claim_unused_from_range
                0x100007e6       0x50 CMakeFiles/blink.dir/C_/Program_Files/Raspberry_Pi/Pico_SDK_v1.5.0/pico-sdk/src/rp2_common/hardware_claim/claim.c.obj
                0x100007e6                hw_claim_unused_from_range
 *fill*         0x10000836        0x2 
 .text.spin_locks_reset
                0x10000838       0x20 CMakeFiles/blink.dir/C_/Program_Files/Raspberry_Pi/Pico_SDK_v1.5.0/pico-sdk/src/rp2_common/hardware_sync/sync.c.obj
                0x10000838                spin_locks_reset
 .text.next_striped_spin_lock_num
                0x10000858       0x1c CMakeFiles/blink.dir/C_/Program_Files/Raspberry_Pi/Pico_SDK_v1.5.0/pico-sdk/src/rp2_common/hardware_sync/sync.c.obj
                0x10000858                next_striped_spin_lock_num
 .text.spin_lock_claim_unused
                0x10000874       0x20 CMakeFiles/blink.dir/C_/Program_Files/Raspberry_Pi/Pico_SDK_v1.5.0/pico-sdk/src/rp2_common/hardware_sync/sync.c.obj
                0x10000874                spin_lock_claim_unused
 .text.set_raw_irq_handler_and_unlock
                0x10000894       0x28 CMakeFiles/blink.dir/C_/Program_Files/Raspberry_Pi/Pico_SDK_v1.5.0/pico-sdk/src/rp2_common/hardware_irq/irq.c.obj
 .text.make_branch
                0x100008bc       0x48 CMakeFiles/blink.dir/C_/Program_Files/Raspberry_Pi/Pico_SDK_v1.5.0/pico-sdk/src/rp2_common/hardware_irq/irq.c.obj
 .text.insert_branch_and_link
                0x10000904       0x40 CMakeFiles/blink.dir/C_/Program_Files/Raspberry_Pi/Pico_SDK_v1.5.0/pico-sdk/src/rp2_common/hardware_irq/irq.c.obj
 .text.irq_is_enabled
                0x10000944       0x18 CMakeFiles/blink.dir/C_/Program_Files/Raspberry_Pi/Pico_SDK_v1.5.0/pico-sdk/src/rp2_common/hardware_irq/irq.c.obj
                0x10000944                irq_is_enabled
 .text.irq_set_mask_enabled
                0x1000095c       0x20 CMakeFiles/blink.dir/C_/Program_Files/Raspberry_Pi/Pico_SDK_v1.5.0/pico-sdk/src/rp2_common/hardware_irq/irq.c.obj
                0x1000095c                irq_set_mask_enabled
 .text.irq_set_enabled
                0x1000097c        0xe CMakeFiles/blink.dir/C_/Program_Files/Raspberry_Pi/Pico_SDK_v1.5.0/pico-sdk/src/rp2_common/hardware_irq/irq.c.obj
                0x1000097c                irq_set_enabled
 *fill*         0x1000098a        0x2 
 .text.irq_set_pending
                0x1000098c       0x10 CMakeFiles/blink.dir/C_/Program_Files/Raspberry_Pi/Pico_SDK_v1.5.0/pico-sdk/src/rp2_common/hardware_irq/irq.c.obj
                0x1000098c                irq_set_pending
 .text.irq_get_vtable_handler
                0x1000099c       0x10 CMakeFiles/blink.dir/C_/Program_Files/Raspberry_Pi/Pico_SDK_v1.5.0/pico-sdk/src/rp2_common/hardware_irq/irq.c.obj
                0x1000099c                irq_get_vtable_handler
 .text.irq_has_shared_handler
                0x100009ac       0x24 CMakeFiles/blink.dir/C_/Program_Files/Raspberry_Pi/Pico_SDK_v1.5.0/pico-sdk/src/rp2_common/hardware_irq/irq.c.obj
                0x100009ac                irq_has_shared_handler
 .text.irq_set_exclusive_handler
                0x100009d0       0x54 CMakeFiles/blink.dir/C_/Program_Files/Raspberry_Pi/Pico_SDK_v1.5.0/pico-sdk/src/rp2_common/hardware_irq/irq.c.obj
                0x100009d0                irq_set_exclusive_handler
 .text.irq_add_shared_handler
                0x10000a24      0x234 CMakeFiles/blink.dir/C_/Program_Files/Raspberry_Pi/Pico_SDK_v1.5.0/pico-sdk/src/rp2_common/hardware_irq/irq.c.obj
                0x10000a24                irq_add_shared_handler
 .text.irq_remove_handler
                0x10000c58      0x1ac CMakeFiles/blink.dir/C_/Program_Files/Raspberry_Pi/Pico_SDK_v1.5.0/pico-sdk/src/rp2_common/hardware_irq/irq.c.obj
                0x10000c58                irq_remove_handler
 .text.irq_add_tail_to_free_list
                0x10000e04       0xf0 CMakeFiles/blink.dir/C_/Program_Files/Raspberry_Pi/Pico_SDK_v1.5.0/pico-sdk/src/rp2_common/hardware_irq/irq.c.obj
                0x10000e04                irq_add_tail_to_free_list
 .text.irq_init_priorities
                0x10000ef4       0x1c CMakeFiles/blink.dir/C_/Program_Files/Raspberry_Pi/Pico_SDK_v1.5.0/pico-sdk/src/rp2_common/hardware_irq/irq.c.obj
                0x10000ef4                irq_init_priorities
 .text.user_irq_claim_unused
                0x10000f10       0x28 CMakeFiles/blink.dir/C_/Program_Files/Raspberry_Pi/Pico_SDK_v1.5.0/pico-sdk/src/rp2_common/hardware_irq/irq.c.obj
                0x10000f10                user_irq_claim_unused
 .text.lock_init
                0x10000f38       0x10 CMakeFiles/blink.dir/C_/Program_Files/Raspberry_Pi/Pico_SDK_v1.5.0/pico-sdk/src/common/pico_sync/lock_core.c.obj
                0x10000f38                lock_init
 .text.mutex_init
                0x10000f48       0x1a CMakeFiles/blink.dir/C_/Program_Files/Raspberry_Pi/Pico_SDK_v1.5.0/pico-sdk/src/common/pico_sync/mutex.c.obj
                0x10000f48                mutex_init
 .text.recursive_mutex_init
                0x10000f62       0x1e CMakeFiles/blink.dir/C_/Program_Files/Raspberry_Pi/Pico_SDK_v1.5.0/pico-sdk/src/common/pico_sync/mutex.c.obj
                0x10000f62                recursive_mutex_init
 .text.critical_section_init_with_lock_num
                0x10000f80       0x14 CMakeFiles/blink.dir/C_/Program_Files/Raspberry_Pi/Pico_SDK_v1.5.0/pico-sdk/src/common/pico_sync/critical_section.c.obj
                0x10000f80                critical_section_init_with_lock_num
 .text.critical_section_init
                0x10000f94       0x14 CMakeFiles/blink.dir/C_/Program_Files/Raspberry_Pi/Pico_SDK_v1.5.0/pico-sdk/src/common/pico_sync/critical_section.c.obj
                0x10000f94                critical_section_init
 .text.alarm_pool_post_alloc_init
                0x10000fa8       0x40 CMakeFiles/blink.dir/C_/Program_Files/Raspberry_Pi/Pico_SDK_v1.5.0/pico-sdk/src/common/pico_time/time.c.obj
 .text.sleep_until_callback
                0x10000fe8       0x30 CMakeFiles/blink.dir/C_/Program_Files/Raspberry_Pi/Pico_SDK_v1.5.0/pico-sdk/src/common/pico_time/time.c.obj
 .text.timer_pool_entry_comparator
                0x10001018       0x7c CMakeFiles/blink.dir/C_/Program_Files/Raspberry_Pi/Pico_SDK_v1.5.0/pico-sdk/src/common/pico_time/time.c.obj
                0x10001018                timer_pool_entry_comparator
 .text.ph_add_child_node
                0x10001094       0xa4 CMakeFiles/blink.dir/C_/Program_Files/Raspberry_Pi/Pico_SDK_v1.5.0/pico-sdk/src/common/pico_time/time.c.obj
 .text.ph_merge_nodes
                0x10001138       0x3e CMakeFiles/blink.dir/C_/Program_Files/Raspberry_Pi/Pico_SDK_v1.5.0/pico-sdk/src/common/pico_time/time.c.obj
 *fill*         0x10001176        0x2 
 .text.add_alarm_under_lock
                0x10001178      0x174 CMakeFiles/blink.dir/C_/Program_Files/Raspberry_Pi/Pico_SDK_v1.5.0/pico-sdk/src/common/pico_time/time.c.obj
 .text.alarm_pool_alarm_callback
                0x100012ec      0x33c CMakeFiles/blink.dir/C_/Program_Files/Raspberry_Pi/Pico_SDK_v1.5.0/pico-sdk/src/common/pico_time/time.c.obj
 .text.alarm_pool_init_default
                0x10001628       0x40 CMakeFiles/blink.dir/C_/Program_Files/Raspberry_Pi/Pico_SDK_v1.5.0/pico-sdk/src/common/pico_time/time.c.obj
                0x10001628                alarm_pool_init_default
 .text.alarm_pool_get_default
                0x10001668       0x2c CMakeFiles/blink.dir/C_/Program_Files/Raspberry_Pi/Pico_SDK_v1.5.0/pico-sdk/src/common/pico_time/time.c.obj
                0x10001668                alarm_pool_get_default
 .text.alarm_pool_add_alarm_at
                0x10001694      0x168 CMakeFiles/blink.dir/C_/Program_Files/Raspberry_Pi/Pico_SDK_v1.5.0/pico-sdk/src/common/pico_time/time.c.obj
                0x10001694                alarm_pool_add_alarm_at
 .text.alarm_pool_cancel_alarm
                0x100017fc       0xf0 CMakeFiles/blink.dir/C_/Program_Files/Raspberry_Pi/Pico_SDK_v1.5.0/pico-sdk/src/common/pico_time/time.c.obj
                0x100017fc                alarm_pool_cancel_alarm
 .text.alarm_pool_core_num
                0x100018ec        0x4 CMakeFiles/blink.dir/C_/Program_Files/Raspberry_Pi/Pico_SDK_v1.5.0/pico-sdk/src/common/pico_time/time.c.obj
                0x100018ec                alarm_pool_core_num
 .text.sleep_until
                0x100018f0       0xfc CMakeFiles/blink.dir/C_/Program_Files/Raspberry_Pi/Pico_SDK_v1.5.0/pico-sdk/src/common/pico_time/time.c.obj
                0x100018f0                sleep_until
 .text.sleep_us
                0x100019ec       0x58 CMakeFiles/blink.dir/C_/Program_Files/Raspberry_Pi/Pico_SDK_v1.5.0/pico-sdk/src/common/pico_time/time.c.obj
                0x100019ec                sleep_us
 .text.sleep_ms
                0x10001a44       0x14 CMakeFiles/blink.dir/C_/Program_Files/Raspberry_Pi/Pico_SDK_v1.5.0/pico-sdk/src/common/pico_time/time.c.obj
                0x10001a44                sleep_ms
 .text.best_effort_wfe_or_timeout
                0x10001a58       0xac CMakeFiles/blink.dir/C_/Program_Files/Raspberry_Pi/Pico_SDK_v1.5.0/pico-sdk/src/common/pico_time/time.c.obj
                0x10001a58                best_effort_wfe_or_timeout
 .text.hardware_alarm_irq_handler
                0x10001b04       0x90 CMakeFiles/blink.dir/C_/Program_Files/Raspberry_Pi/Pico_SDK_v1.5.0/pico-sdk/src/rp2_common/hardware_timer/timer.c.obj
 .text.hardware_alarm_claim
                0x10001b94       0x18 CMakeFiles/blink.dir/C_/Program_Files/Raspberry_Pi/Pico_SDK_v1.5.0/pico-sdk/src/rp2_common/hardware_timer/timer.c.obj
                0x10001b94                hardware_alarm_claim
 .text.time_us_64
                0x10001bac       0x18 CMakeFiles/blink.dir/C_/Program_Files/Raspberry_Pi/Pico_SDK_v1.5.0/pico-sdk/src/rp2_common/hardware_timer/timer.c.obj
                0x10001bac                time_us_64
 .text.busy_wait_until
                0x10001bc4       0x28 CMakeFiles/blink.dir/C_/Program_Files/Raspberry_Pi/Pico_SDK_v1.5.0/pico-sdk/src/rp2_common/hardware_timer/timer.c.obj
                0x10001bc4                busy_wait_until
 .text.hardware_alarm_set_callback
                0x10001bec       0x90 CMakeFiles/blink.dir/C_/Program_Files/Raspberry_Pi/Pico_SDK_v1.5.0/pico-sdk/src/rp2_common/hardware_timer/timer.c.obj
                0x10001bec                hardware_alarm_set_callback
 .text.hardware_alarm_set_target
                0x10001c7c       0xe8 CMakeFiles/blink.dir/C_/Program_Files/Raspberry_Pi/Pico_SDK_v1.5.0/pico-sdk/src/rp2_common/hardware_timer/timer.c.obj
                0x10001c7c                hardware_alarm_set_target
 .text.hardware_alarm_cancel
                0x10001d64       0x40 CMakeFiles/blink.dir/C_/Program_Files/Raspberry_Pi/Pico_SDK_v1.5.0/pico-sdk/src/rp2_common/hardware_timer/timer.c.obj
                0x10001d64                hardware_alarm_cancel
 .text.ph_add_child_node
                0x10001da4       0xa4 CMakeFiles/blink.dir/C_/Program_Files/Raspberry_Pi/Pico_SDK_v1.5.0/pico-sdk/src/common/pico_util/pheap.c.obj
 .text.ph_merge_nodes
                0x10001e48       0x3e CMakeFiles/blink.dir/C_/Program_Files/Raspberry_Pi/Pico_SDK_v1.5.0/pico-sdk/src/common/pico_util/pheap.c.obj
 *fill*         0x10001e86        0x2 
 .text.ph_clear
                0x10001e88       0x70 CMakeFiles/blink.dir/C_/Program_Files/Raspberry_Pi/Pico_SDK_v1.5.0/pico-sdk/src/common/pico_util/pheap.c.obj
                0x10001e88                ph_clear
 .text.ph_post_alloc_init
                0x10001ef8        0xe CMakeFiles/blink.dir/C_/Program_Files/Raspberry_Pi/Pico_SDK_v1.5.0/pico-sdk/src/common/pico_util/pheap.c.obj
                0x10001ef8                ph_post_alloc_init
 *fill*         0x10001f06        0x2 
 .text.ph_merge_two_pass
                0x10001f08       0xa8 CMakeFiles/blink.dir/C_/Program_Files/Raspberry_Pi/Pico_SDK_v1.5.0/pico-sdk/src/common/pico_util/pheap.c.obj
                0x10001f08                ph_merge_two_pass
 .text.ph_remove_any_head
                0x10001fb0      0x128 CMakeFiles/blink.dir/C_/Program_Files/Raspberry_Pi/Pico_SDK_v1.5.0/pico-sdk/src/common/pico_util/pheap.c.obj
 .text.ph_remove_head
                0x100020d8       0x14 CMakeFiles/blink.dir/C_/Program_Files/Raspberry_Pi/Pico_SDK_v1.5.0/pico-sdk/src/common/pico_util/pheap.c.obj
                0x100020d8                ph_remove_head
 .text.ph_remove_and_free_node
                0x100020ec       0xf8 CMakeFiles/blink.dir/C_/Program_Files/Raspberry_Pi/Pico_SDK_v1.5.0/pico-sdk/src/common/pico_util/pheap.c.obj
                0x100020ec                ph_remove_and_free_node
 .text.clock_configure
                0x100021e4      0x104 CMakeFiles/blink.dir/C_/Program_Files/Raspberry_Pi/Pico_SDK_v1.5.0/pico-sdk/src/rp2_common/hardware_clocks/clocks.c.obj
                0x100021e4                clock_configure
 .text.clocks_init
                0x100022e8      0x100 CMakeFiles/blink.dir/C_/Program_Files/Raspberry_Pi/Pico_SDK_v1.5.0/pico-sdk/src/rp2_common/hardware_clocks/clocks.c.obj
                0x100022e8                clocks_init
 .text.clock_get_hz
                0x100023e8        0xc CMakeFiles/blink.dir/C_/Program_Files/Raspberry_Pi/Pico_SDK_v1.5.0/pico-sdk/src/rp2_common/hardware_clocks/clocks.c.obj
                0x100023e8                clock_get_hz
 .text.pll_init
                0x100023f4      0x12c CMakeFiles/blink.dir/C_/Program_Files/Raspberry_Pi/Pico_SDK_v1.5.0/pico-sdk/src/rp2_common/hardware_pll/pll.c.obj
                0x100023f4                pll_init
 .text.watchdog_start_tick
                0x10002520       0x10 CMakeFiles/blink.dir/C_/Program_Files/Raspberry_Pi/Pico_SDK_v1.5.0/pico-sdk/src/rp2_common/hardware_watchdog/watchdog.c.obj
                0x10002520                watchdog_start_tick
 .text.watchdog_update
                0x10002530       0x14 CMakeFiles/blink.dir/C_/Program_Files/Raspberry_Pi/Pico_SDK_v1.5.0/pico-sdk/src/rp2_common/hardware_watchdog/watchdog.c.obj
                0x10002530                watchdog_update
 .text._watchdog_enable
                0x10002544       0x78 CMakeFiles/blink.dir/C_/Program_Files/Raspberry_Pi/Pico_SDK_v1.5.0/pico-sdk/src/rp2_common/hardware_watchdog/watchdog.c.obj
                0x10002544                _watchdog_enable
 .text.watchdog_reboot
                0x100025bc       0x48 CMakeFiles/blink.dir/C_/Program_Files/Raspberry_Pi/Pico_SDK_v1.5.0/pico-sdk/src/rp2_common/hardware_watchdog/watchdog.c.obj
                0x100025bc                watchdog_reboot
 .text.xosc_init
                0x10002604       0x28 CMakeFiles/blink.dir/C_/Program_Files/Raspberry_Pi/Pico_SDK_v1.5.0/pico-sdk/src/rp2_common/hardware_xosc/xosc.c.obj
                0x10002604                xosc_init
 .text._exit    0x1000262c        0x4 CMakeFiles/blink.dir/C_/Program_Files/Raspberry_Pi/Pico_SDK_v1.5.0/pico-sdk/src/rp2_common/pico_runtime/runtime.c.obj
                0x1000262c                _exit
 .text.exit     0x10002630        0x6 CMakeFiles/blink.dir/C_/Program_Files/Raspberry_Pi/Pico_SDK_v1.5.0/pico-sdk/src/rp2_common/pico_runtime/runtime.c.obj
                0x10002630                exit
 *fill*         0x10002636        0x2 
 .text.__assert_func
                0x10002638       0x3c CMakeFiles/blink.dir/C_/Program_Files/Raspberry_Pi/Pico_SDK_v1.5.0/pico-sdk/src/rp2_common/pico_runtime/runtime.c.obj
                0x10002638                __assert_func
 .text.runtime_init
                0x10002674       0xf8 CMakeFiles/blink.dir/C_/Program_Files/Raspberry_Pi/Pico_SDK_v1.5.0/pico-sdk/src/rp2_common/pico_runtime/runtime.c.obj
                0x10002674                runtime_init
 .text.panic    0x1000276c       0x30 CMakeFiles/blink.dir/C_/Program_Files/Raspberry_Pi/Pico_SDK_v1.5.0/pico-sdk/src/rp2_common/pico_runtime/runtime.c.obj
                0x1000276c                panic
 .text._out_null
                0x1000279c        0x2 CMakeFiles/blink.dir/C_/Program_Files/Raspberry_Pi/Pico_SDK_v1.5.0/pico-sdk/src/rp2_common/pico_printf/printf.c.obj
 .text._out_fct
                0x1000279e        0xe CMakeFiles/blink.dir/C_/Program_Files/Raspberry_Pi/Pico_SDK_v1.5.0/pico-sdk/src/rp2_common/pico_printf/printf.c.obj
 .text._atoi    0x100027ac       0x24 CMakeFiles/blink.dir/C_/Program_Files/Raspberry_Pi/Pico_SDK_v1.5.0/pico-sdk/src/rp2_common/pico_printf/printf.c.obj
 .text._out_rev
                0x100027d0       0xae CMakeFiles/blink.dir/C_/Program_Files/Raspberry_Pi/Pico_SDK_v1.5.0/pico-sdk/src/rp2_common/pico_printf/printf.c.obj
 .text._ntoa_format
                0x1000287e      0x112 CMakeFiles/blink.dir/C_/Program_Files/Raspberry_Pi/Pico_SDK_v1.5.0/pico-sdk/src/rp2_common/pico_printf/printf.c.obj
 .text._ntoa_long
                0x10002990       0xbc CMakeFiles/blink.dir/C_/Program_Files/Raspberry_Pi/Pico_SDK_v1.5.0/pico-sdk/src/rp2_common/pico_printf/printf.c.obj
 .text._ntoa_long_long
                0x10002a4c       0xe2 CMakeFiles/blink.dir/C_/Program_Files/Raspberry_Pi/Pico_SDK_v1.5.0/pico-sdk/src/rp2_common/pico_printf/printf.c.obj
 *fill*         0x10002b2e        0x2 
 .text._etoa    0x10002b30      0x414 CMakeFiles/blink.dir/C_/Program_Files/Raspberry_Pi/Pico_SDK_v1.5.0/pico-sdk/src/rp2_common/pico_printf/printf.c.obj
 .text._ftoa    0x10002f44      0x354 CMakeFiles/blink.dir/C_/Program_Files/Raspberry_Pi/Pico_SDK_v1.5.0/pico-sdk/src/rp2_common/pico_printf/printf.c.obj
 .text._vsnprintf
                0x10003298      0x624 CMakeFiles/blink.dir/C_/Program_Files/Raspberry_Pi/Pico_SDK_v1.5.0/pico-sdk/src/rp2_common/pico_printf/printf.c.obj
 .text.vfctprintf
                0x100038bc       0x20 CMakeFiles/blink.dir/C_/Program_Files/Raspberry_Pi/Pico_SDK_v1.5.0/pico-sdk/src/rp2_common/pico_printf/printf.c.obj
                0x100038bc                vfctprintf
 .text          0x100038dc       0x10 CMakeFiles/blink.dir/C_/Program_Files/Raspberry_Pi/Pico_SDK_v1.5.0/pico-sdk/src/rp2_common/pico_bit_ops/bit_ops_aeabi.S.obj
 .text.rom_func_lookup
                0x100038ec       0x10 CMakeFiles/blink.dir/C_/Program_Files/Raspberry_Pi/Pico_SDK_v1.5.0/pico-sdk/src/rp2_common/pico_bootrom/bootrom.c.obj
                0x100038ec                rom_func_lookup
 .text.rom_data_lookup
                0x100038fc       0x10 CMakeFiles/blink.dir/C_/Program_Files/Raspberry_Pi/Pico_SDK_v1.5.0/pico-sdk/src/rp2_common/pico_bootrom/bootrom.c.obj
                0x100038fc                rom_data_lookup
 .text.rom_funcs_lookup
                0x1000390c       0x36 CMakeFiles/blink.dir/C_/Program_Files/Raspberry_Pi/Pico_SDK_v1.5.0/pico-sdk/src/rp2_common/pico_bootrom/bootrom.c.obj
                0x1000390c                rom_funcs_lookup
 *fill*         0x10003942        0x2 
 .text.__wrap___aeabi_idiv
                0x10003944       0x50 CMakeFiles/blink.dir/C_/Program_Files/Raspberry_Pi/Pico_SDK_v1.5.0/pico-sdk/src/rp2_common/pico_divider/divider.S.obj
                0x10003944                __wrap___aeabi_idivmod
                0x10003944                divmod_s32s32
                0x10003944                div_s32s32
                0x10003944                __wrap___aeabi_idiv
                0x1000394c                divmod_s32s32_unsafe
                0x10003978                divmod_s32s32_savestate
 .text.__wrap___aeabi_uidiv
                0x10003994       0x4c CMakeFiles/blink.dir/C_/Program_Files/Raspberry_Pi/Pico_SDK_v1.5.0/pico-sdk/src/rp2_common/pico_divider/divider.S.obj
                0x10003994                __wrap___aeabi_uidiv
                0x10003994                __wrap___aeabi_uidivmod
                0x10003994                div_u32u32
                0x10003994                divmod_u32u32
                0x1000399c                divmod_u32u32_unsafe
                0x100039c4                divmod_u32u32_savestate
 .text.__wrap___aeabi_ldiv
                0x100039e0      0x424 CMakeFiles/blink.dir/C_/Program_Files/Raspberry_Pi/Pico_SDK_v1.5.0/pico-sdk/src/rp2_common/pico_divider/divider.S.obj
                0x100039e0                div_s64s64
                0x100039e0                divmod_s64s64
                0x100039e0                __wrap___aeabi_ldivmod
                0x10003a10                divmod_u64u64
                0x10003a10                div_u64u64
                0x10003a10                __wrap___aeabi_uldivmod
                0x10003a20                divmod_u64u64_savestate
                0x10003a40                divmod_s64s64_unsafe
                0x10003ac8                divmod_u64u64_unsafe
 .text.__wrap___aeabi_darithmetic
                0x10003e04       0x80 CMakeFiles/blink.dir/C_/Program_Files/Raspberry_Pi/Pico_SDK_v1.5.0/pico-sdk/src/rp2_common/pico_double/double_aeabi.S.obj
                0x10003e04                __wrap___aeabi_drsub
                0x10003e0a                __wrap___aeabi_dsub
                0x10003e1c                __wrap___aeabi_dadd
                0x10003e2e                __wrap___aeabi_ddiv
                0x10003e6a                __wrap___aeabi_dmul
 .text.__wrap___aeabi_cdcmple
                0x10003e84       0x6c CMakeFiles/blink.dir/C_/Program_Files/Raspberry_Pi/Pico_SDK_v1.5.0/pico-sdk/src/rp2_common/pico_double/double_aeabi.S.obj
                0x10003e84                __wrap___aeabi_cdrcmple
                0x10003e94                __wrap___aeabi_cdcmpeq
                0x10003e94                __wrap___aeabi_cdcmple
 .text.__wrap___aeabi_dcmplt
                0x10003ef0        0xc CMakeFiles/blink.dir/C_/Program_Files/Raspberry_Pi/Pico_SDK_v1.5.0/pico-sdk/src/rp2_common/pico_double/double_aeabi.S.obj
                0x10003ef0                __wrap___aeabi_dcmplt
 .text.__wrap___aeabi_dcmple
                0x10003efc       0x10 CMakeFiles/blink.dir/C_/Program_Files/Raspberry_Pi/Pico_SDK_v1.5.0/pico-sdk/src/rp2_common/pico_double/double_aeabi.S.obj
                0x10003efc                __wrap___aeabi_dcmple
 .text.__wrap___aeabi_dcmpge
                0x10003f0c       0x10 CMakeFiles/blink.dir/C_/Program_Files/Raspberry_Pi/Pico_SDK_v1.5.0/pico-sdk/src/rp2_common/pico_double/double_aeabi.S.obj
                0x10003f0c                __wrap___aeabi_dcmpge
 .text.__wrap___aeabi_dcmpgt
                0x10003f1c        0xa CMakeFiles/blink.dir/C_/Program_Files/Raspberry_Pi/Pico_SDK_v1.5.0/pico-sdk/src/rp2_common/pico_double/double_aeabi.S.obj
                0x10003f1c                __wrap___aeabi_dcmpgt
 .text.__wrap___aeabi_dcmpun
                0x10003f26       0x1c CMakeFiles/blink.dir/C_/Program_Files/Raspberry_Pi/Pico_SDK_v1.5.0/pico-sdk/src/rp2_common/pico_double/double_aeabi.S.obj
                0x10003f26                __wrap___aeabi_dcmpun
 *fill*         0x10003f42        0x2 
 .text.__wrap___aeabi_i2d
                0x10003f44       0x38 CMakeFiles/blink.dir/C_/Program_Files/Raspberry_Pi/Pico_SDK_v1.5.0/pico-sdk/src/rp2_common/pico_double/double_aeabi.S.obj
                0x10003f44                __wrap___aeabi_ui2d
                0x10003f4c                __wrap___aeabi_i2d
 .text.__wrap___aeabi_d2iz
                0x10003f7c       0x48 CMakeFiles/blink.dir/C_/Program_Files/Raspberry_Pi/Pico_SDK_v1.5.0/pico-sdk/src/rp2_common/pico_double/double_aeabi.S.obj
                0x10003f7c                double2int_z
                0x10003f7c                __wrap___aeabi_d2iz
 .text.__wrap___aeabi_d2uiz
                0x10003fc4       0x18 CMakeFiles/blink.dir/C_/Program_Files/Raspberry_Pi/Pico_SDK_v1.5.0/pico-sdk/src/rp2_common/pico_double/double_aeabi.S.obj
                0x10003fc4                __wrap___aeabi_d2uiz
                0x10003fc4                double2uint
 .text.__aeabi_double_init
                0x10003fdc       0xc8 CMakeFiles/blink.dir/C_/Program_Files/Raspberry_Pi/Pico_SDK_v1.5.0/pico-sdk/src/rp2_common/pico_double/double_init_rom.c.obj
                0x10003fdc                __aeabi_double_init
 .text.double_table_shim_on_use_helper
                0x100040a4       0x34 CMakeFiles/blink.dir/C_/Program_Files/Raspberry_Pi/Pico_SDK_v1.5.0/pico-sdk/src/rp2_common/pico_double/double_v1_rom_shim.S.obj
                0x100040a4                double_table_shim_on_use_helper
 .text.__wrap___aeabi_dsub
                0x100040d8       0x10 CMakeFiles/blink.dir/C_/Program_Files/Raspberry_Pi/Pico_SDK_v1.5.0/pico-sdk/src/rp2_common/pico_double/double_v1_rom_shim.S.obj
                0x100040d8                drsub_shim
                0x100040de                dsub_shim
 .text.dadd_shim
                0x100040e8      0x15c CMakeFiles/blink.dir/C_/Program_Files/Raspberry_Pi/Pico_SDK_v1.5.0/pico-sdk/src/rp2_common/pico_double/double_v1_rom_shim.S.obj
                0x100040e8                dadd_shim
 .text.dmul_shim
                0x10004244      0x15c CMakeFiles/blink.dir/C_/Program_Files/Raspberry_Pi/Pico_SDK_v1.5.0/pico-sdk/src/rp2_common/pico_double/double_v1_rom_shim.S.obj
                0x10004244                dmul_shim
 .text.ddiv_shim
                0x100043a0      0x1b0 CMakeFiles/blink.dir/C_/Program_Files/Raspberry_Pi/Pico_SDK_v1.5.0/pico-sdk/src/rp2_common/pico_double/double_v1_rom_shim.S.obj
                0x100043a0                ddiv_shim
 .text.double2uint_shim
                0x10004550        0xe CMakeFiles/blink.dir/C_/Program_Files/Raspberry_Pi/Pico_SDK_v1.5.0/pico-sdk/src/rp2_common/pico_double/double_v1_rom_shim.S.obj
                0x10004550                double2uint_shim
                0x10004552                double2ufix_shim
 *fill*         0x1000455e        0x2 
 .text.double2uint64_shim
                0x10004560       0x70 CMakeFiles/blink.dir/C_/Program_Files/Raspberry_Pi/Pico_SDK_v1.5.0/pico-sdk/src/rp2_common/pico_double/double_v1_rom_shim.S.obj
                0x10004560                double2uint64_shim
                0x10004562                double2ufix64_shim
                0x10004582                d2fix_a
 .text.dunpacks
                0x100045d0       0x3c CMakeFiles/blink.dir/C_/Program_Files/Raspberry_Pi/Pico_SDK_v1.5.0/pico-sdk/src/rp2_common/pico_double/double_v1_rom_shim.S.obj
                0x100045d0                dunpacks
 .text.__aeabi_lmul
                0x1000460c       0x32 CMakeFiles/blink.dir/C_/Program_Files/Raspberry_Pi/Pico_SDK_v1.5.0/pico-sdk/src/rp2_common/pico_int64_ops/pico_int64_ops_aeabi.S.obj
                0x1000460c                __wrap___aeabi_lmul
 *fill*         0x1000463e        0x2 
 .text.__wrap___aeabi_farithmetic
                0x10004640       0x58 CMakeFiles/blink.dir/C_/Program_Files/Raspberry_Pi/Pico_SDK_v1.5.0/pico-sdk/src/rp2_common/pico_float/float_aeabi.S.obj
                0x10004640                __wrap___aeabi_frsub
                0x10004646                __wrap___aeabi_fsub
                0x10004650                __wrap___aeabi_fadd
                0x1000465a                __wrap___aeabi_fdiv
                0x10004686                __wrap___aeabi_fmul
 .text.__wrap___aeabi_ui2f
                0x10004698        0xa CMakeFiles/blink.dir/C_/Program_Files/Raspberry_Pi/Pico_SDK_v1.5.0/pico-sdk/src/rp2_common/pico_float/float_aeabi.S.obj
                0x10004698                __wrap___aeabi_ui2f
 *fill*         0x100046a2        0x2 
 .text.__wrap___aeabi_i2f
                0x100046a4       0x44 CMakeFiles/blink.dir/C_/Program_Files/Raspberry_Pi/Pico_SDK_v1.5.0/pico-sdk/src/rp2_common/pico_float/float_aeabi.S.obj
                0x100046a4                __wrap___aeabi_i2f
 .text.__wrap___aeabi_f2uiz
                0x100046e8       0x10 CMakeFiles/blink.dir/C_/Program_Files/Raspberry_Pi/Pico_SDK_v1.5.0/pico-sdk/src/rp2_common/pico_float/float_aeabi.S.obj
                0x100046e8                __wrap___aeabi_f2uiz
 .text.__aeabi_float_init
                0x100046f8       0xfc CMakeFiles/blink.dir/C_/Program_Files/Raspberry_Pi/Pico_SDK_v1.5.0/pico-sdk/src/rp2_common/pico_float/float_init_rom.c.obj
                0x100046f8                __aeabi_float_init
 .text.float_table_shim_on_use_helper
                0x100047f4       0x34 CMakeFiles/blink.dir/C_/Program_Files/Raspberry_Pi/Pico_SDK_v1.5.0/pico-sdk/src/rp2_common/pico_float/float_v1_rom_shim.S.obj
                0x100047f4                float_table_shim_on_use_helper
 .text          0x10004828       0x10 CMakeFiles/blink.dir/C_/Program_Files/Raspberry_Pi/Pico_SDK_v1.5.0/pico-sdk/src/rp2_common/pico_mem_ops/mem_ops_aeabi.S.obj
                0x10004828                __aeabi_mem_init
 .text.memset   0x10004838        0xc CMakeFiles/blink.dir/C_/Program_Files/Raspberry_Pi/Pico_SDK_v1.5.0/pico-sdk/src/rp2_common/pico_mem_ops/mem_ops_aeabi.S.obj
                0x10004838                __wrap_memset
 .text.memcpy   0x10004844        0xc CMakeFiles/blink.dir/C_/Program_Files/Raspberry_Pi/Pico_SDK_v1.5.0/pico-sdk/src/rp2_common/pico_mem_ops/mem_ops_aeabi.S.obj
                0x10004844                __wrap_memcpy
                0x10004844                __wrap___aeabi_memcpy
 .text.stdio_out_chars_no_crlf
                0x10004850        0xe CMakeFiles/blink.dir/C_/Program_Files/Raspberry_Pi/Pico_SDK_v1.5.0/pico-sdk/src/rp2_common/pico_stdio/stdio.c.obj
 *fill*         0x1000485e        0x2 
 .text.stdio_out_chars_crlf
                0x10004860       0x80 CMakeFiles/blink.dir/C_/Program_Files/Raspberry_Pi/Pico_SDK_v1.5.0/pico-sdk/src/rp2_common/pico_stdio/stdio.c.obj
 .text.stdio_stack_buffer_flush
                0x100048e0       0x44 CMakeFiles/blink.dir/C_/Program_Files/Raspberry_Pi/Pico_SDK_v1.5.0/pico-sdk/src/rp2_common/pico_stdio/stdio.c.obj
 .text.stdio_buffered_printer
                0x10004924       0x20 CMakeFiles/blink.dir/C_/Program_Files/Raspberry_Pi/Pico_SDK_v1.5.0/pico-sdk/src/rp2_common/pico_stdio/stdio.c.obj
 .text.stdout_serialize_begin
                0x10004944       0x5c CMakeFiles/blink.dir/C_/Program_Files/Raspberry_Pi/Pico_SDK_v1.5.0/pico-sdk/src/rp2_common/pico_stdio/stdio.c.obj
                0x10004944                stdout_serialize_begin
 .text.stdout_serialize_end
                0x100049a0       0x10 CMakeFiles/blink.dir/C_/Program_Files/Raspberry_Pi/Pico_SDK_v1.5.0/pico-sdk/src/rp2_common/pico_stdio/stdio.c.obj
                0x100049a0                stdout_serialize_end
 .text.stdio_put_string
                0x100049b0       0x98 CMakeFiles/blink.dir/C_/Program_Files/Raspberry_Pi/Pico_SDK_v1.5.0/pico-sdk/src/rp2_common/pico_stdio/stdio.c.obj
 .text.stdio_set_driver_enabled
                0x10004a48       0x2c CMakeFiles/blink.dir/C_/Program_Files/Raspberry_Pi/Pico_SDK_v1.5.0/pico-sdk/src/rp2_common/pico_stdio/stdio.c.obj
                0x10004a48                stdio_set_driver_enabled
 .text.stdio_flush
                0x10004a74       0x20 CMakeFiles/blink.dir/C_/Program_Files/Raspberry_Pi/Pico_SDK_v1.5.0/pico-sdk/src/rp2_common/pico_stdio/stdio.c.obj
                0x10004a74                stdio_flush
 .text.__wrap_puts
                0x10004a94       0x1e CMakeFiles/blink.dir/C_/Program_Files/Raspberry_Pi/Pico_SDK_v1.5.0/pico-sdk/src/rp2_common/pico_stdio/stdio.c.obj
                0x10004a94                __wrap_puts
 *fill*         0x10004ab2        0x2 
 .text.__wrap_vprintf
                0x10004ab4       0x40 CMakeFiles/blink.dir/C_/Program_Files/Raspberry_Pi/Pico_SDK_v1.5.0/pico-sdk/src/rp2_common/pico_stdio/stdio.c.obj
                0x10004ab4                __wrap_vprintf
 .text.__wrap_printf
                0x10004af4       0x18 CMakeFiles/blink.dir/C_/Program_Files/Raspberry_Pi/Pico_SDK_v1.5.0/pico-sdk/src/rp2_common/pico_stdio/stdio.c.obj
                0x10004af4                __wrap_printf
 .text.stdio_init_all
                0x10004b0c        0x8 CMakeFiles/blink.dir/C_/Program_Files/Raspberry_Pi/Pico_SDK_v1.5.0/pico-sdk/src/rp2_common/pico_stdio/stdio.c.obj
                0x10004b0c                stdio_init_all
 .text.resetd_init
                0x10004b14        0x2 CMakeFiles/blink.dir/C_/Program_Files/Raspberry_Pi/Pico_SDK_v1.5.0/pico-sdk/src/rp2_common/pico_stdio_usb/reset_interface.c.obj
 *fill*         0x10004b16        0x2 
 .text.resetd_reset
                0x10004b18        0xc CMakeFiles/blink.dir/C_/Program_Files/Raspberry_Pi/Pico_SDK_v1.5.0/pico-sdk/src/rp2_common/pico_stdio_usb/reset_interface.c.obj
 .text.resetd_open
                0x10004b24       0x34 CMakeFiles/blink.dir/C_/Program_Files/Raspberry_Pi/Pico_SDK_v1.5.0/pico-sdk/src/rp2_common/pico_stdio_usb/reset_interface.c.obj
 .text.resetd_xfer_cb
                0x10004b58        0x4 CMakeFiles/blink.dir/C_/Program_Files/Raspberry_Pi/Pico_SDK_v1.5.0/pico-sdk/src/rp2_common/pico_stdio_usb/reset_interface.c.obj
 .text.reset_usb_boot
                0x10004b5c       0x18 CMakeFiles/blink.dir/C_/Program_Files/Raspberry_Pi/Pico_SDK_v1.5.0/pico-sdk/src/rp2_common/pico_stdio_usb/reset_interface.c.obj
 .text.resetd_control_xfer_cb
                0x10004b74       0x5c CMakeFiles/blink.dir/C_/Program_Files/Raspberry_Pi/Pico_SDK_v1.5.0/pico-sdk/src/rp2_common/pico_stdio_usb/reset_interface.c.obj
 .text.usbd_app_driver_get_cb
                0x10004bd0        0xc CMakeFiles/blink.dir/C_/Program_Files/Raspberry_Pi/Pico_SDK_v1.5.0/pico-sdk/src/rp2_common/pico_stdio_usb/reset_interface.c.obj
                0x10004bd0                usbd_app_driver_get_cb
 .text.tud_cdc_line_coding_cb
                0x10004bdc       0x28 CMakeFiles/blink.dir/C_/Program_Files/Raspberry_Pi/Pico_SDK_v1.5.0/pico-sdk/src/rp2_common/pico_stdio_usb/reset_interface.c.obj
                0x10004bdc                tud_cdc_line_coding_cb
 .text.stdio_usb_set_chars_available_callback
                0x10004c04       0x14 CMakeFiles/blink.dir/C_/Program_Files/Raspberry_Pi/Pico_SDK_v1.5.0/pico-sdk/src/rp2_common/pico_stdio_usb/stdio_usb.c.obj
                0x10004c04                stdio_usb_set_chars_available_callback
 .text.usb_irq  0x10004c18       0x10 CMakeFiles/blink.dir/C_/Program_Files/Raspberry_Pi/Pico_SDK_v1.5.0/pico-sdk/src/rp2_common/pico_stdio_usb/stdio_usb.c.obj
 .text.timer_task
                0x10004c28       0x58 CMakeFiles/blink.dir/C_/Program_Files/Raspberry_Pi/Pico_SDK_v1.5.0/pico-sdk/src/rp2_common/pico_stdio_usb/stdio_usb.c.obj
 .text.low_priority_worker_irq
                0x10004c80       0xd8 CMakeFiles/blink.dir/C_/Program_Files/Raspberry_Pi/Pico_SDK_v1.5.0/pico-sdk/src/rp2_common/pico_stdio_usb/stdio_usb.c.obj
 .text.tud_cdc_rx_cb
                0x10004d58       0x20 CMakeFiles/blink.dir/C_/Program_Files/Raspberry_Pi/Pico_SDK_v1.5.0/pico-sdk/src/rp2_common/pico_stdio_usb/stdio_usb.c.obj
                0x10004d58                tud_cdc_rx_cb
 .text.stdio_usb_init
                0x10004d78      0x12c CMakeFiles/blink.dir/C_/Program_Files/Raspberry_Pi/Pico_SDK_v1.5.0/pico-sdk/src/rp2_common/pico_stdio_usb/stdio_usb.c.obj
                0x10004d78                stdio_usb_init
 .text.stdio_usb_connected
                0x10004ea4        0xa CMakeFiles/blink.dir/C_/Program_Files/Raspberry_Pi/Pico_SDK_v1.5.0/pico-sdk/src/rp2_common/pico_stdio_usb/stdio_usb.c.obj
                0x10004ea4                stdio_usb_connected
 *fill*         0x10004eae        0x2 
 .text.stdio_usb_in_chars
                0x10004eb0       0xc4 CMakeFiles/blink.dir/C_/Program_Files/Raspberry_Pi/Pico_SDK_v1.5.0/pico-sdk/src/rp2_common/pico_stdio_usb/stdio_usb.c.obj
                0x10004eb0                stdio_usb_in_chars
 .text.stdio_usb_out_chars
                0x10004f74      0x114 CMakeFiles/blink.dir/C_/Program_Files/Raspberry_Pi/Pico_SDK_v1.5.0/pico-sdk/src/rp2_common/pico_stdio_usb/stdio_usb.c.obj
 .text.tud_descriptor_device_cb
                0x10005088        0x8 CMakeFiles/blink.dir/C_/Program_Files/Raspberry_Pi/Pico_SDK_v1.5.0/pico-sdk/src/rp2_common/pico_stdio_usb/stdio_usb_descriptors.c.obj
                0x10005088                tud_descriptor_device_cb
 .text.tud_descriptor_configuration_cb
                0x10005090        0x8 CMakeFiles/blink.dir/C_/Program_Files/Raspberry_Pi/Pico_SDK_v1.5.0/pico-sdk/src/rp2_common/pico_stdio_usb/stdio_usb_descriptors.c.obj
                0x10005090                tud_descriptor_configuration_cb
 .text.tud_descriptor_string_cb
                0x10005098       0x6c CMakeFiles/blink.dir/C_/Program_Files/Raspberry_Pi/Pico_SDK_v1.5.0/pico-sdk/src/rp2_common/pico_stdio_usb/stdio_usb_descriptors.c.obj
                0x10005098                tud_descriptor_string_cb
 .text._retrieve_unique_id_on_boot
                0x10005104       0x10 CMakeFiles/blink.dir/C_/Program_Files/Raspberry_Pi/Pico_SDK_v1.5.0/pico-sdk/src/rp2_common/pico_unique_id/unique_id.c.obj
 .text.pico_get_unique_board_id
                0x10005114       0x10 CMakeFiles/blink.dir/C_/Program_Files/Raspberry_Pi/Pico_SDK_v1.5.0/pico-sdk/src/rp2_common/pico_unique_id/unique_id.c.obj
                0x10005114                pico_get_unique_board_id
 .text.pico_get_unique_board_id_string
                0x10005124       0x60 CMakeFiles/blink.dir/C_/Program_Files/Raspberry_Pi/Pico_SDK_v1.5.0/pico-sdk/src/rp2_common/pico_unique_id/unique_id.c.obj
                0x10005124                pico_get_unique_board_id_string
 .text.flash_get_unique_id
                0x10005184       0x46 CMakeFiles/blink.dir/C_/Program_Files/Raspberry_Pi/Pico_SDK_v1.5.0/pico-sdk/src/rp2_common/hardware_flash/flash.c.obj
                0x10005184                flash_get_unique_id
 *fill*         0x100051ca        0x2 
 .text.hw_endpoint_get_by_addr
                0x100051cc       0x18 CMakeFiles/blink.dir/C_/Program_Files/Raspberry_Pi/Pico_SDK_v1.5.0/pico-sdk/lib/tinyusb/src/portable/raspberrypi/rp2040/dcd_rp2040.c.obj
 .text._hw_endpoint_alloc
                0x100051e4       0x70 CMakeFiles/blink.dir/C_/Program_Files/Raspberry_Pi/Pico_SDK_v1.5.0/pico-sdk/lib/tinyusb/src/portable/raspberrypi/rp2040/dcd_rp2040.c.obj
 .text.hw_endpoint_init
                0x10005254       0x88 CMakeFiles/blink.dir/C_/Program_Files/Raspberry_Pi/Pico_SDK_v1.5.0/pico-sdk/lib/tinyusb/src/portable/raspberrypi/rp2040/dcd_rp2040.c.obj
 .text.hw_endpoint_xfer
                0x100052dc       0x14 CMakeFiles/blink.dir/C_/Program_Files/Raspberry_Pi/Pico_SDK_v1.5.0/pico-sdk/lib/tinyusb/src/portable/raspberrypi/rp2040/dcd_rp2040.c.obj
 .text.dcd_int_enable
                0x100052f0       0x2c CMakeFiles/blink.dir/C_/Program_Files/Raspberry_Pi/Pico_SDK_v1.5.0/pico-sdk/lib/tinyusb/src/portable/raspberrypi/rp2040/dcd_rp2040.c.obj
                0x100052f0                dcd_int_enable
 .text.dcd_set_address
                0x1000531c       0x2c CMakeFiles/blink.dir/C_/Program_Files/Raspberry_Pi/Pico_SDK_v1.5.0/pico-sdk/lib/tinyusb/src/portable/raspberrypi/rp2040/dcd_rp2040.c.obj
                0x1000531c                dcd_set_address
 .text.dcd_connect
                0x10005348       0x10 CMakeFiles/blink.dir/C_/Program_Files/Raspberry_Pi/Pico_SDK_v1.5.0/pico-sdk/lib/tinyusb/src/portable/raspberrypi/rp2040/dcd_rp2040.c.obj
                0x10005348                dcd_connect
 .text.dcd_init
                0x10005358       0x80 CMakeFiles/blink.dir/C_/Program_Files/Raspberry_Pi/Pico_SDK_v1.5.0/pico-sdk/lib/tinyusb/src/portable/raspberrypi/rp2040/dcd_rp2040.c.obj
                0x10005358                dcd_init
 .text.dcd_edpt0_status_complete
                0x100053d8       0x1c CMakeFiles/blink.dir/C_/Program_Files/Raspberry_Pi/Pico_SDK_v1.5.0/pico-sdk/lib/tinyusb/src/portable/raspberrypi/rp2040/dcd_rp2040.c.obj
                0x100053d8                dcd_edpt0_status_complete
 .text.dcd_edpt_open
                0x100053f4       0x40 CMakeFiles/blink.dir/C_/Program_Files/Raspberry_Pi/Pico_SDK_v1.5.0/pico-sdk/lib/tinyusb/src/portable/raspberrypi/rp2040/dcd_rp2040.c.obj
                0x100053f4                dcd_edpt_open
 .text.dcd_edpt_close_all
                0x10005434        0x8 CMakeFiles/blink.dir/C_/Program_Files/Raspberry_Pi/Pico_SDK_v1.5.0/pico-sdk/lib/tinyusb/src/portable/raspberrypi/rp2040/dcd_rp2040.c.obj
                0x10005434                dcd_edpt_close_all
 .text.dcd_edpt_xfer
                0x1000543c       0x34 CMakeFiles/blink.dir/C_/Program_Files/Raspberry_Pi/Pico_SDK_v1.5.0/pico-sdk/lib/tinyusb/src/portable/raspberrypi/rp2040/dcd_rp2040.c.obj
                0x1000543c                dcd_edpt_xfer
 .text.dcd_edpt_stall
                0x10005470       0x2c CMakeFiles/blink.dir/C_/Program_Files/Raspberry_Pi/Pico_SDK_v1.5.0/pico-sdk/lib/tinyusb/src/portable/raspberrypi/rp2040/dcd_rp2040.c.obj
                0x10005470                dcd_edpt_stall
 .text.dcd_edpt_clear_stall
                0x1000549c       0x20 CMakeFiles/blink.dir/C_/Program_Files/Raspberry_Pi/Pico_SDK_v1.5.0/pico-sdk/lib/tinyusb/src/portable/raspberrypi/rp2040/dcd_rp2040.c.obj
                0x1000549c                dcd_edpt_clear_stall
 .text.rp2040_usb_init
                0x100054bc       0x4c CMakeFiles/blink.dir/C_/Program_Files/Raspberry_Pi/Pico_SDK_v1.5.0/pico-sdk/lib/tinyusb/src/portable/raspberrypi/rp2040/rp2040_usb.c.obj
                0x100054bc                rp2040_usb_init
 .text.hw_endpoint_xfer_start
                0x10005508       0x50 CMakeFiles/blink.dir/C_/Program_Files/Raspberry_Pi/Pico_SDK_v1.5.0/pico-sdk/lib/tinyusb/src/portable/raspberrypi/rp2040/rp2040_usb.c.obj
                0x10005508                hw_endpoint_xfer_start
 .text.configuration_reset
                0x10005558       0x84 CMakeFiles/blink.dir/C_/Program_Files/Raspberry_Pi/Pico_SDK_v1.5.0/pico-sdk/lib/tinyusb/src/device/usbd.c.obj
 .text.usbd_reset
                0x100055dc        0xc CMakeFiles/blink.dir/C_/Program_Files/Raspberry_Pi/Pico_SDK_v1.5.0/pico-sdk/lib/tinyusb/src/device/usbd.c.obj
 .text.invoke_class_control
                0x100055e8       0x1a CMakeFiles/blink.dir/C_/Program_Files/Raspberry_Pi/Pico_SDK_v1.5.0/pico-sdk/lib/tinyusb/src/device/usbd.c.obj
 *fill*         0x10005602        0x2 
 .text.process_set_config
                0x10005604      0x178 CMakeFiles/blink.dir/C_/Program_Files/Raspberry_Pi/Pico_SDK_v1.5.0/pico-sdk/lib/tinyusb/src/device/usbd.c.obj
 .text.process_get_descriptor
                0x1000577c       0xdc CMakeFiles/blink.dir/C_/Program_Files/Raspberry_Pi/Pico_SDK_v1.5.0/pico-sdk/lib/tinyusb/src/device/usbd.c.obj
 .text.tud_mounted
                0x10005858       0x10 CMakeFiles/blink.dir/C_/Program_Files/Raspberry_Pi/Pico_SDK_v1.5.0/pico-sdk/lib/tinyusb/src/device/usbd.c.obj
                0x10005858                tud_mounted
 .text.tud_suspended
                0x10005868       0x10 CMakeFiles/blink.dir/C_/Program_Files/Raspberry_Pi/Pico_SDK_v1.5.0/pico-sdk/lib/tinyusb/src/device/usbd.c.obj
                0x10005868                tud_suspended
 .text.tud_inited
                0x10005878       0x14 CMakeFiles/blink.dir/C_/Program_Files/Raspberry_Pi/Pico_SDK_v1.5.0/pico-sdk/lib/tinyusb/src/device/usbd.c.obj
                0x10005878                tud_inited
 .text.tud_init
                0x1000588c       0xcc CMakeFiles/blink.dir/C_/Program_Files/Raspberry_Pi/Pico_SDK_v1.5.0/pico-sdk/lib/tinyusb/src/device/usbd.c.obj
                0x1000588c                tud_init
 .text.usbd_defer_func
                0x10005958       0x2a CMakeFiles/blink.dir/C_/Program_Files/Raspberry_Pi/Pico_SDK_v1.5.0/pico-sdk/lib/tinyusb/src/device/usbd.c.obj
                0x10005958                usbd_defer_func
 *fill*         0x10005982        0x2 
 .text.usbd_edpt_open
                0x10005984       0x34 CMakeFiles/blink.dir/C_/Program_Files/Raspberry_Pi/Pico_SDK_v1.5.0/pico-sdk/lib/tinyusb/src/device/usbd.c.obj
                0x10005984                usbd_edpt_open
 .text.usbd_open_edpt_pair
                0x100059b8       0x62 CMakeFiles/blink.dir/C_/Program_Files/Raspberry_Pi/Pico_SDK_v1.5.0/pico-sdk/lib/tinyusb/src/device/usbd.c.obj
                0x100059b8                usbd_open_edpt_pair
 *fill*         0x10005a1a        0x2 
 .text.usbd_edpt_claim
                0x10005a1c       0x28 CMakeFiles/blink.dir/C_/Program_Files/Raspberry_Pi/Pico_SDK_v1.5.0/pico-sdk/lib/tinyusb/src/device/usbd.c.obj
                0x10005a1c                usbd_edpt_claim
 .text.usbd_edpt_release
                0x10005a44       0x28 CMakeFiles/blink.dir/C_/Program_Files/Raspberry_Pi/Pico_SDK_v1.5.0/pico-sdk/lib/tinyusb/src/device/usbd.c.obj
                0x10005a44                usbd_edpt_release
 .text.usbd_edpt_xfer
                0x10005a6c       0x78 CMakeFiles/blink.dir/C_/Program_Files/Raspberry_Pi/Pico_SDK_v1.5.0/pico-sdk/lib/tinyusb/src/device/usbd.c.obj
                0x10005a6c                usbd_edpt_xfer
 .text.usbd_edpt_stall
                0x10005ae4       0x48 CMakeFiles/blink.dir/C_/Program_Files/Raspberry_Pi/Pico_SDK_v1.5.0/pico-sdk/lib/tinyusb/src/device/usbd.c.obj
                0x10005ae4                usbd_edpt_stall
 .text.usbd_edpt_clear_stall
                0x10005b2c       0x48 CMakeFiles/blink.dir/C_/Program_Files/Raspberry_Pi/Pico_SDK_v1.5.0/pico-sdk/lib/tinyusb/src/device/usbd.c.obj
                0x10005b2c                usbd_edpt_clear_stall
 .text.usbd_edpt_stalled
                0x10005b74       0x1c CMakeFiles/blink.dir/C_/Program_Files/Raspberry_Pi/Pico_SDK_v1.5.0/pico-sdk/lib/tinyusb/src/device/usbd.c.obj
                0x10005b74                usbd_edpt_stalled
 .text.process_control_request
                0x10005b90      0x37c CMakeFiles/blink.dir/C_/Program_Files/Raspberry_Pi/Pico_SDK_v1.5.0/pico-sdk/lib/tinyusb/src/device/usbd.c.obj
 .text.tud_task_ext
                0x10005f0c      0x1b4 CMakeFiles/blink.dir/C_/Program_Files/Raspberry_Pi/Pico_SDK_v1.5.0/pico-sdk/lib/tinyusb/src/device/usbd.c.obj
                0x10005f0c                tud_task_ext
 .text._data_stage_xact
                0x100060c0       0x58 CMakeFiles/blink.dir/C_/Program_Files/Raspberry_Pi/Pico_SDK_v1.5.0/pico-sdk/lib/tinyusb/src/device/usbd_control.c.obj
 .text.tud_control_status
                0x10006118       0x38 CMakeFiles/blink.dir/C_/Program_Files/Raspberry_Pi/Pico_SDK_v1.5.0/pico-sdk/lib/tinyusb/src/device/usbd_control.c.obj
                0x10006118                tud_control_status
 .text.tud_control_xfer
                0x10006150       0x74 CMakeFiles/blink.dir/C_/Program_Files/Raspberry_Pi/Pico_SDK_v1.5.0/pico-sdk/lib/tinyusb/src/device/usbd_control.c.obj
                0x10006150                tud_control_xfer
 .text.usbd_control_reset
                0x100061c4       0x14 CMakeFiles/blink.dir/C_/Program_Files/Raspberry_Pi/Pico_SDK_v1.5.0/pico-sdk/lib/tinyusb/src/device/usbd_control.c.obj
                0x100061c4                usbd_control_reset
 .text.usbd_control_set_complete_callback
                0x100061d8        0xc CMakeFiles/blink.dir/C_/Program_Files/Raspberry_Pi/Pico_SDK_v1.5.0/pico-sdk/lib/tinyusb/src/device/usbd_control.c.obj
                0x100061d8                usbd_control_set_complete_callback
 .text.usbd_control_set_request
                0x100061e4       0x1c CMakeFiles/blink.dir/C_/Program_Files/Raspberry_Pi/Pico_SDK_v1.5.0/pico-sdk/lib/tinyusb/src/device/usbd_control.c.obj
                0x100061e4                usbd_control_set_request
 .text.usbd_control_xfer_cb
                0x10006200       0xcc CMakeFiles/blink.dir/C_/Program_Files/Raspberry_Pi/Pico_SDK_v1.5.0/pico-sdk/lib/tinyusb/src/device/usbd_control.c.obj
                0x10006200                usbd_control_xfer_cb
 .text._prep_out_transaction
                0x100062cc       0x4a CMakeFiles/blink.dir/C_/Program_Files/Raspberry_Pi/Pico_SDK_v1.5.0/pico-sdk/lib/tinyusb/src/class/cdc/cdc_device.c.obj
 *fill*         0x10006316        0x2 
 .text.tud_cdc_n_connected
                0x10006318       0x44 CMakeFiles/blink.dir/C_/Program_Files/Raspberry_Pi/Pico_SDK_v1.5.0/pico-sdk/lib/tinyusb/src/class/cdc/cdc_device.c.obj
                0x10006318                tud_cdc_n_connected
 .text.tud_cdc_n_available
                0x1000635c       0x18 CMakeFiles/blink.dir/C_/Program_Files/Raspberry_Pi/Pico_SDK_v1.5.0/pico-sdk/lib/tinyusb/src/class/cdc/cdc_device.c.obj
                0x1000635c                tud_cdc_n_available
 .text.tud_cdc_n_read
                0x10006374       0x28 CMakeFiles/blink.dir/C_/Program_Files/Raspberry_Pi/Pico_SDK_v1.5.0/pico-sdk/lib/tinyusb/src/class/cdc/cdc_device.c.obj
                0x10006374                tud_cdc_n_read
 .text.tud_cdc_n_write_flush
                0x1000639c       0xb8 CMakeFiles/blink.dir/C_/Program_Files/Raspberry_Pi/Pico_SDK_v1.5.0/pico-sdk/lib/tinyusb/src/class/cdc/cdc_device.c.obj
                0x1000639c                tud_cdc_n_write_flush
 .text.tud_cdc_n_write
                0x10006454       0x38 CMakeFiles/blink.dir/C_/Program_Files/Raspberry_Pi/Pico_SDK_v1.5.0/pico-sdk/lib/tinyusb/src/class/cdc/cdc_device.c.obj
                0x10006454                tud_cdc_n_write
 .text.tud_cdc_n_write_available
                0x1000648c       0x1c CMakeFiles/blink.dir/C_/Program_Files/Raspberry_Pi/Pico_SDK_v1.5.0/pico-sdk/lib/tinyusb/src/class/cdc/cdc_device.c.obj
                0x1000648c                tud_cdc_n_write_available
 .text.cdcd_init
                0x100064a8       0xbc CMakeFiles/blink.dir/C_/Program_Files/Raspberry_Pi/Pico_SDK_v1.5.0/pico-sdk/lib/tinyusb/src/class/cdc/cdc_device.c.obj
                0x100064a8                cdcd_init
 .text.cdcd_reset
                0x10006564       0x44 CMakeFiles/blink.dir/C_/Program_Files/Raspberry_Pi/Pico_SDK_v1.5.0/pico-sdk/lib/tinyusb/src/class/cdc/cdc_device.c.obj
                0x10006564                cdcd_reset
 .text.cdcd_open
                0x100065a8       0xcc CMakeFiles/blink.dir/C_/Program_Files/Raspberry_Pi/Pico_SDK_v1.5.0/pico-sdk/lib/tinyusb/src/class/cdc/cdc_device.c.obj
                0x100065a8                cdcd_open
 .text.cdcd_control_xfer_cb
                0x10006674      0x134 CMakeFiles/blink.dir/C_/Program_Files/Raspberry_Pi/Pico_SDK_v1.5.0/pico-sdk/lib/tinyusb/src/class/cdc/cdc_device.c.obj
                0x10006674                cdcd_control_xfer_cb
 .text.cdcd_xfer_cb
                0x100067a8      0x130 CMakeFiles/blink.dir/C_/Program_Files/Raspberry_Pi/Pico_SDK_v1.5.0/pico-sdk/lib/tinyusb/src/class/cdc/cdc_device.c.obj
                0x100067a8                cdcd_xfer_cb
 .text.tusb_init
                0x100068d8        0xa CMakeFiles/blink.dir/C_/Program_Files/Raspberry_Pi/Pico_SDK_v1.5.0/pico-sdk/lib/tinyusb/src/tusb.c.obj
                0x100068d8                tusb_init
 .text.tusb_inited
                0x100068e2        0xe CMakeFiles/blink.dir/C_/Program_Files/Raspberry_Pi/Pico_SDK_v1.5.0/pico-sdk/lib/tinyusb/src/tusb.c.obj
                0x100068e2                tusb_inited
 .text.tu_edpt_claim
                0x100068f0       0x50 CMakeFiles/blink.dir/C_/Program_Files/Raspberry_Pi/Pico_SDK_v1.5.0/pico-sdk/lib/tinyusb/src/tusb.c.obj
                0x100068f0                tu_edpt_claim
 .text.tu_edpt_release
                0x10006940       0x3c CMakeFiles/blink.dir/C_/Program_Files/Raspberry_Pi/Pico_SDK_v1.5.0/pico-sdk/lib/tinyusb/src/tusb.c.obj
                0x10006940                tu_edpt_release
 .text.tu_edpt_validate
                0x1000697c       0x78 CMakeFiles/blink.dir/C_/Program_Files/Raspberry_Pi/Pico_SDK_v1.5.0/pico-sdk/lib/tinyusb/src/tusb.c.obj
                0x1000697c                tu_edpt_validate
 .text.tu_edpt_bind_driver
                0x100069f4       0x26 CMakeFiles/blink.dir/C_/Program_Files/Raspberry_Pi/Pico_SDK_v1.5.0/pico-sdk/lib/tinyusb/src/tusb.c.obj
                0x100069f4                tu_edpt_bind_driver
 .text.advance_index
                0x10006a1a       0x1a CMakeFiles/blink.dir/C_/Program_Files/Raspberry_Pi/Pico_SDK_v1.5.0/pico-sdk/lib/tinyusb/src/common/tusb_fifo.c.obj
 .text._tu_fifo_peek
                0x10006a34       0x56 CMakeFiles/blink.dir/C_/Program_Files/Raspberry_Pi/Pico_SDK_v1.5.0/pico-sdk/lib/tinyusb/src/common/tusb_fifo.c.obj
 .text._ff_pull_const_addr
                0x10006a8a       0x4c CMakeFiles/blink.dir/C_/Program_Files/Raspberry_Pi/Pico_SDK_v1.5.0/pico-sdk/lib/tinyusb/src/common/tusb_fifo.c.obj
 .text._ff_pull_n
                0x10006ad6      0x110 CMakeFiles/blink.dir/C_/Program_Files/Raspberry_Pi/Pico_SDK_v1.5.0/pico-sdk/lib/tinyusb/src/common/tusb_fifo.c.obj
 .text._tu_fifo_peek_n
                0x10006be6       0x6a CMakeFiles/blink.dir/C_/Program_Files/Raspberry_Pi/Pico_SDK_v1.5.0/pico-sdk/lib/tinyusb/src/common/tusb_fifo.c.obj
 .text._tu_fifo_read_n
                0x10006c50       0x4e CMakeFiles/blink.dir/C_/Program_Files/Raspberry_Pi/Pico_SDK_v1.5.0/pico-sdk/lib/tinyusb/src/common/tusb_fifo.c.obj
 .text._ff_push_const_addr
                0x10006c9e       0x40 CMakeFiles/blink.dir/C_/Program_Files/Raspberry_Pi/Pico_SDK_v1.5.0/pico-sdk/lib/tinyusb/src/common/tusb_fifo.c.obj
 .text._ff_push_n
                0x10006cde      0x10c CMakeFiles/blink.dir/C_/Program_Files/Raspberry_Pi/Pico_SDK_v1.5.0/pico-sdk/lib/tinyusb/src/common/tusb_fifo.c.obj
 .text._tu_fifo_write_n
                0x10006dea       0xf0 CMakeFiles/blink.dir/C_/Program_Files/Raspberry_Pi/Pico_SDK_v1.5.0/pico-sdk/lib/tinyusb/src/common/tusb_fifo.c.obj
 .text.tu_fifo_config
                0x10006eda       0x7c CMakeFiles/blink.dir/C_/Program_Files/Raspberry_Pi/Pico_SDK_v1.5.0/pico-sdk/lib/tinyusb/src/common/tusb_fifo.c.obj
                0x10006eda                tu_fifo_config
 .text.tu_fifo_count
                0x10006f56       0x2a CMakeFiles/blink.dir/C_/Program_Files/Raspberry_Pi/Pico_SDK_v1.5.0/pico-sdk/lib/tinyusb/src/common/tusb_fifo.c.obj
                0x10006f56                tu_fifo_count
 .text.tu_fifo_empty
                0x10006f80       0x10 CMakeFiles/blink.dir/C_/Program_Files/Raspberry_Pi/Pico_SDK_v1.5.0/pico-sdk/lib/tinyusb/src/common/tusb_fifo.c.obj
                0x10006f80                tu_fifo_empty
 .text.tu_fifo_full
                0x10006f90       0x28 CMakeFiles/blink.dir/C_/Program_Files/Raspberry_Pi/Pico_SDK_v1.5.0/pico-sdk/lib/tinyusb/src/common/tusb_fifo.c.obj
                0x10006f90                tu_fifo_full
 .text.tu_fifo_remaining
                0x10006fb8       0x2c CMakeFiles/blink.dir/C_/Program_Files/Raspberry_Pi/Pico_SDK_v1.5.0/pico-sdk/lib/tinyusb/src/common/tusb_fifo.c.obj
                0x10006fb8                tu_fifo_remaining
 .text.tu_fifo_read
                0x10006fe4       0x42 CMakeFiles/blink.dir/C_/Program_Files/Raspberry_Pi/Pico_SDK_v1.5.0/pico-sdk/lib/tinyusb/src/common/tusb_fifo.c.obj
                0x10006fe4                tu_fifo_read
 .text.tu_fifo_read_n
                0x10007026        0xa CMakeFiles/blink.dir/C_/Program_Files/Raspberry_Pi/Pico_SDK_v1.5.0/pico-sdk/lib/tinyusb/src/common/tusb_fifo.c.obj
                0x10007026                tu_fifo_read_n
 .text.tu_fifo_write
                0x10007030       0x64 CMakeFiles/blink.dir/C_/Program_Files/Raspberry_Pi/Pico_SDK_v1.5.0/pico-sdk/lib/tinyusb/src/common/tusb_fifo.c.obj
                0x10007030                tu_fifo_write
 .text.tu_fifo_write_n
                0x10007094        0xa CMakeFiles/blink.dir/C_/Program_Files/Raspberry_Pi/Pico_SDK_v1.5.0/pico-sdk/lib/tinyusb/src/common/tusb_fifo.c.obj
                0x10007094                tu_fifo_write_n
 .text.tu_fifo_clear
                0x1000709e       0x3e CMakeFiles/blink.dir/C_/Program_Files/Raspberry_Pi/Pico_SDK_v1.5.0/pico-sdk/lib/tinyusb/src/common/tusb_fifo.c.obj
                0x1000709e                tu_fifo_clear
 .text.tu_fifo_set_overwritable
                0x100070dc       0x46 CMakeFiles/blink.dir/C_/Program_Files/Raspberry_Pi/Pico_SDK_v1.5.0/pico-sdk/lib/tinyusb/src/common/tusb_fifo.c.obj
                0x100070dc                tu_fifo_set_overwritable
 *fill*         0x10007122        0x2 
 .text._pio_can_add_program_at_offset
                0x10007124       0x3c CMakeFiles/blink.dir/C_/Program_Files/Raspberry_Pi/Pico_SDK_v1.5.0/pico-sdk/src/rp2_common/hardware_pio/pio.c.obj
 .text._pio_find_offset_for_program
                0x10007160       0x7c CMakeFiles/blink.dir/C_/Program_Files/Raspberry_Pi/Pico_SDK_v1.5.0/pico-sdk/src/rp2_common/hardware_pio/pio.c.obj
 .text._pio_add_program_at_offset
                0x100071dc       0x78 CMakeFiles/blink.dir/C_/Program_Files/Raspberry_Pi/Pico_SDK_v1.5.0/pico-sdk/src/rp2_common/hardware_pio/pio.c.obj
 .text.pio_claim_unused_sm
                0x10007254       0x3c CMakeFiles/blink.dir/C_/Program_Files/Raspberry_Pi/Pico_SDK_v1.5.0/pico-sdk/src/rp2_common/hardware_pio/pio.c.obj
                0x10007254                pio_claim_unused_sm
 .text.pio_add_program
                0x10007290       0x38 CMakeFiles/blink.dir/C_/Program_Files/Raspberry_Pi/Pico_SDK_v1.5.0/pico-sdk/src/rp2_common/hardware_pio/pio.c.obj
                0x10007290                pio_add_program
 .text.pio_sm_set_consecutive_pindirs
                0x100072c8       0xa4 CMakeFiles/blink.dir/C_/Program_Files/Raspberry_Pi/Pico_SDK_v1.5.0/pico-sdk/src/rp2_common/hardware_pio/pio.c.obj
                0x100072c8                pio_sm_set_consecutive_pindirs
 .text.pio_sm_init
                0x1000736c       0xe4 CMakeFiles/blink.dir/C_/Program_Files/Raspberry_Pi/Pico_SDK_v1.5.0/pico-sdk/src/rp2_common/hardware_pio/pio.c.obj
                0x1000736c                pio_sm_init
 .text.core1_trampoline
                0x10007450        0x2 CMakeFiles/blink.dir/C_/Program_Files/Raspberry_Pi/Pico_SDK_v1.5.0/pico-sdk/src/rp2_common/pico_multicore/multicore.c.obj
 .text.core1_wrapper
                0x10007452        0xc CMakeFiles/blink.dir/C_/Program_Files/Raspberry_Pi/Pico_SDK_v1.5.0/pico-sdk/src/rp2_common/pico_multicore/multicore.c.obj
                0x10007452                core1_wrapper
 .text.multicore_fifo_push_blocking
                0x1000745e       0x14 CMakeFiles/blink.dir/C_/Program_Files/Raspberry_Pi/Pico_SDK_v1.5.0/pico-sdk/src/rp2_common/pico_multicore/multicore.c.obj
                0x1000745e                multicore_fifo_push_blocking
 .text.multicore_fifo_pop_blocking
                0x10007472       0x16 CMakeFiles/blink.dir/C_/Program_Files/Raspberry_Pi/Pico_SDK_v1.5.0/pico-sdk/src/rp2_common/pico_multicore/multicore.c.obj
                0x10007472                multicore_fifo_pop_blocking
 .text.multicore_launch_core1_raw
                0x10007488       0x6e CMakeFiles/blink.dir/C_/Program_Files/Raspberry_Pi/Pico_SDK_v1.5.0/pico-sdk/src/rp2_common/pico_multicore/multicore.c.obj
                0x10007488                multicore_launch_core1_raw
 *fill*         0x100074f6        0x2 
 .text.multicore_launch_core1_with_stack
                0x100074f8       0x50 CMakeFiles/blink.dir/C_/Program_Files/Raspberry_Pi/Pico_SDK_v1.5.0/pico-sdk/src/rp2_common/pico_multicore/multicore.c.obj
                0x100074f8                multicore_launch_core1_with_stack
 .text.multicore_launch_core1
                0x10007548       0x24 CMakeFiles/blink.dir/C_/Program_Files/Raspberry_Pi/Pico_SDK_v1.5.0/pico-sdk/src/rp2_common/pico_multicore/multicore.c.obj
                0x10007548                multicore_launch_core1
 .text.splitmix64
                0x1000756c       0x5c CMakeFiles/blink.dir/C_/Program_Files/Raspberry_Pi/Pico_SDK_v1.5.0/pico-sdk/src/rp2_common/pico_rand/rand.c.obj
 .text.sdbm_hash64_sram
                0x100075c8       0x64 CMakeFiles/blink.dir/C_/Program_Files/Raspberry_Pi/Pico_SDK_v1.5.0/pico-sdk/src/rp2_common/pico_rand/rand.c.obj
 .text.xoroshiro128ss
                0x1000762c       0xb8 CMakeFiles/blink.dir/C_/Program_Files/Raspberry_Pi/Pico_SDK_v1.5.0/pico-sdk/src/rp2_common/pico_rand/rand.c.obj
 .text.capture_additional_rosc_samples
                0x100076e4      0x1a4 CMakeFiles/blink.dir/C_/Program_Files/Raspberry_Pi/Pico_SDK_v1.5.0/pico-sdk/src/rp2_common/pico_rand/rand.c.obj
 .text.initialise_rand
                0x10007888      0x118 CMakeFiles/blink.dir/C_/Program_Files/Raspberry_Pi/Pico_SDK_v1.5.0/pico-sdk/src/rp2_common/pico_rand/rand.c.obj
 .text.get_rand_64
                0x100079a0      0x11c CMakeFiles/blink.dir/C_/Program_Files/Raspberry_Pi/Pico_SDK_v1.5.0/pico-sdk/src/rp2_common/pico_rand/rand.c.obj
                0x100079a0                get_rand_64
 .text.get_rand_32
                0x10007abc        0x8 CMakeFiles/blink.dir/C_/Program_Files/Raspberry_Pi/Pico_SDK_v1.5.0/pico-sdk/src/rp2_common/pico_rand/rand.c.obj
                0x10007abc                get_rand_32
 .text.strlen   0x10007ac4       0x5c c:/progra~1/raspbe~1/picosd~1.0/gcc-ar~1/bin/../lib/gcc/arm-none-eabi/10.3.1/../../../../arm-none-eabi/lib/thumb/v6-m/nofp\libg.a(lib_a-strlen-stub.o)
                0x10007ac4                strlen
 *(.fini)
 .fini          0x10007b20        0x4 c:/progra~1/raspbe~1/picosd~1.0/gcc-ar~1/bin/../lib/gcc/arm-none-eabi/10.3.1/thumb/v6-m/nofp/crti.o
                0x10007b20                _fini
 *fill*         0x10007b24        0x4 
 .fini.__stub   0x10007b28       0xe0 linker stubs
 *crtbegin.o(.ctors)
 *crtbegin?.o(.ctors)
 *(EXCLUDE_FILE(*crtend.o *crtend?.o) .ctors)
 *(SORT_BY_NAME(.ctors.*))
 *(.ctors)
 *crtbegin.o(.dtors)
 *crtbegin?.o(.dtors)
 *(EXCLUDE_FILE(*crtend.o *crtend?.o) .dtors)
 *(SORT_BY_NAME(.dtors.*))
 *(.dtors)
 *(.eh_frame*)
 .eh_frame      0x10007c08        0x0 c:/progra~1/raspbe~1/picosd~1.0/gcc-ar~1/bin/../lib/gcc/arm-none-eabi/10.3.1/thumb/v6-m/nofp/crtbegin.o
                0x10007c08                . = ALIGN (0x4)

.glue_7         0x10007c08        0x0
 .glue_7        0x10007c08        0x0 linker stubs

.glue_7t        0x10007c08        0x0
 .glue_7t       0x10007c08        0x0 linker stubs

.vfp11_veneer   0x10007c08        0x0
 .vfp11_veneer  0x10007c08        0x0 linker stubs

.v4_bx          0x10007c08        0x0
 .v4_bx         0x10007c08        0x0 linker stubs

.iplt           0x10007c08        0x0
 .iplt          0x10007c08        0x0 c:/progra~1/raspbe~1/picosd~1.0/gcc-ar~1/bin/../lib/gcc/arm-none-eabi/10.3.1/thumb/v6-m/nofp/crtbegin.o

.rodata         0x10007c08     0x1aa4
 *(EXCLUDE_FILE(*libm.a: *libc.a:*lib_a-mem*.o *libgcc.a:) .rodata*)
 .rodata._Z8dacWritemmm.str1.4
                0x10007c08        0x7 CMakeFiles/blink.dir/main.cpp.obj
 *fill*         0x10007c0f        0x1 
 .rodata.main.str1.4
                0x10007c10       0x32 CMakeFiles/blink.dir/main.cpp.obj
 *fill*         0x10007c42        0x2 
 .rodata._ZL14output_program
                0x10007c44        0x6 CMakeFiles/blink.dir/main.cpp.obj
 *fill*         0x10007c4a        0x2 
 .rodata._ZL27output_program_instructions
                0x10007c4c       0x12 CMakeFiles/blink.dir/main.cpp.obj
 *fill*         0x10007c5e        0x2 
 .rodata.spin_lock_claim_unused.str1.4
                0x10007c60       0x1b CMakeFiles/blink.dir/C_/Program_Files/Raspberry_Pi/Pico_SDK_v1.5.0/pico-sdk/src/rp2_common/hardware_sync/sync.c.obj
 *fill*         0x10007c7b        0x1 
 .rodata.make_branch.str1.4
                0x10007c7c       0x89 CMakeFiles/blink.dir/C_/Program_Files/Raspberry_Pi/Pico_SDK_v1.5.0/pico-sdk/src/rp2_common/hardware_irq/irq.c.obj
 *fill*         0x10007d05        0x3 
 .rodata.insert_branch_and_link.str1.4
                0x10007d08       0x10 CMakeFiles/blink.dir/C_/Program_Files/Raspberry_Pi/Pico_SDK_v1.5.0/pico-sdk/src/rp2_common/hardware_irq/irq.c.obj
 .rodata.irq_set_exclusive_handler.str1.4
                0x10007d18       0x36 CMakeFiles/blink.dir/C_/Program_Files/Raspberry_Pi/Pico_SDK_v1.5.0/pico-sdk/src/rp2_common/hardware_irq/irq.c.obj
 *fill*         0x10007d4e        0x2 
 .rodata.irq_add_shared_handler.str1.4
                0x10007d50       0xd9 CMakeFiles/blink.dir/C_/Program_Files/Raspberry_Pi/Pico_SDK_v1.5.0/pico-sdk/src/rp2_common/hardware_irq/irq.c.obj
 *fill*         0x10007e29        0x3 
 .rodata.irq_remove_handler.str1.4
                0x10007e2c       0x3a CMakeFiles/blink.dir/C_/Program_Files/Raspberry_Pi/Pico_SDK_v1.5.0/pico-sdk/src/rp2_common/hardware_irq/irq.c.obj
 *fill*         0x10007e66        0x2 
 .rodata.irq_add_tail_to_free_list.str1.4
                0x10007e68       0x3a CMakeFiles/blink.dir/C_/Program_Files/Raspberry_Pi/Pico_SDK_v1.5.0/pico-sdk/src/rp2_common/hardware_irq/irq.c.obj
 *fill*         0x10007ea2        0x2 
 .rodata.user_irq_claim_unused.str1.4
                0x10007ea4       0x1b CMakeFiles/blink.dir/C_/Program_Files/Raspberry_Pi/Pico_SDK_v1.5.0/pico-sdk/src/rp2_common/hardware_irq/irq.c.obj
 *fill*         0x10007ebf        0x1 
 .rodata.__func__.0
                0x10007ec0       0x1a CMakeFiles/blink.dir/C_/Program_Files/Raspberry_Pi/Pico_SDK_v1.5.0/pico-sdk/src/rp2_common/hardware_irq/irq.c.obj
 *fill*         0x10007eda        0x2 
 .rodata.__func__.1
                0x10007edc       0x17 CMakeFiles/blink.dir/C_/Program_Files/Raspberry_Pi/Pico_SDK_v1.5.0/pico-sdk/src/rp2_common/hardware_irq/irq.c.obj
 *fill*         0x10007ef3        0x1 
 .rodata.__func__.2
                0x10007ef4       0x13 CMakeFiles/blink.dir/C_/Program_Files/Raspberry_Pi/Pico_SDK_v1.5.0/pico-sdk/src/rp2_common/hardware_irq/irq.c.obj
 *fill*         0x10007f07        0x1 
 .rodata.__func__.3
                0x10007f08        0xc CMakeFiles/blink.dir/C_/Program_Files/Raspberry_Pi/Pico_SDK_v1.5.0/pico-sdk/src/rp2_common/hardware_irq/irq.c.obj
 .rodata.__func__.4
                0x10007f14        0xf CMakeFiles/blink.dir/C_/Program_Files/Raspberry_Pi/Pico_SDK_v1.5.0/pico-sdk/src/rp2_common/hardware_irq/irq.c.obj
 *fill*         0x10007f23        0x1 
 .rodata.__func__.5
                0x10007f24       0x17 CMakeFiles/blink.dir/C_/Program_Files/Raspberry_Pi/Pico_SDK_v1.5.0/pico-sdk/src/rp2_common/hardware_irq/irq.c.obj
 *fill*         0x10007f3b        0x1 
 .rodata.__func__.6
                0x10007f3c       0x1a CMakeFiles/blink.dir/C_/Program_Files/Raspberry_Pi/Pico_SDK_v1.5.0/pico-sdk/src/rp2_common/hardware_irq/irq.c.obj
 *fill*         0x10007f56        0x2 
 .rodata.str1.4
                0x10007f58      0x125 CMakeFiles/blink.dir/C_/Program_Files/Raspberry_Pi/Pico_SDK_v1.5.0/pico-sdk/src/common/pico_sync/mutex.c.obj
 *fill*         0x1000807d        0x3 
 .rodata.__func__.1
                0x10008080        0xb CMakeFiles/blink.dir/C_/Program_Files/Raspberry_Pi/Pico_SDK_v1.5.0/pico-sdk/src/common/pico_sync/mutex.c.obj
 *fill*         0x1000808b        0x1 
 .rodata.__func__.3
                0x1000808c       0x18 CMakeFiles/blink.dir/C_/Program_Files/Raspberry_Pi/Pico_SDK_v1.5.0/pico-sdk/src/common/pico_sync/mutex.c.obj
 .rodata.__func__.4
                0x100080a4       0x15 CMakeFiles/blink.dir/C_/Program_Files/Raspberry_Pi/Pico_SDK_v1.5.0/pico-sdk/src/common/pico_sync/mutex.c.obj
 *fill*         0x100080b9        0x3 
 .rodata.repeating_timer_callback.str1.4
                0x100080bc       0x67 CMakeFiles/blink.dir/C_/Program_Files/Raspberry_Pi/Pico_SDK_v1.5.0/pico-sdk/src/common/pico_time/time.c.obj
 *fill*         0x10008123        0x1 
 .rodata.timer_pool_entry_comparator.str1.4
                0x10008124       0x22 CMakeFiles/blink.dir/C_/Program_Files/Raspberry_Pi/Pico_SDK_v1.5.0/pico-sdk/src/common/pico_time/time.c.obj
 *fill*         0x10008146        0x2 
 .rodata.ph_add_child_node.str1.4
                0x10008148       0xb2 CMakeFiles/blink.dir/C_/Program_Files/Raspberry_Pi/Pico_SDK_v1.5.0/pico-sdk/src/common/pico_time/time.c.obj
 *fill*         0x100081fa        0x2 
 .rodata.add_alarm_under_lock.str1.4
                0x100081fc       0x28 CMakeFiles/blink.dir/C_/Program_Files/Raspberry_Pi/Pico_SDK_v1.5.0/pico-sdk/src/common/pico_time/time.c.obj
                                 0x2b (size before relaxing)
 .rodata.alarm_pool_alarm_callback.str1.4
                0x10008224       0x98 CMakeFiles/blink.dir/C_/Program_Files/Raspberry_Pi/Pico_SDK_v1.5.0/pico-sdk/src/common/pico_time/time.c.obj
                                0x118 (size before relaxing)
 .rodata.alarm_pool_get_default.str1.4
                0x100082bc       0x21 CMakeFiles/blink.dir/C_/Program_Files/Raspberry_Pi/Pico_SDK_v1.5.0/pico-sdk/src/common/pico_time/time.c.obj
 *fill*         0x100082dd        0x3 
 .rodata.alarm_pool_cancel_alarm.str1.4
                0x100082e0       0x27 CMakeFiles/blink.dir/C_/Program_Files/Raspberry_Pi/Pico_SDK_v1.5.0/pico-sdk/src/common/pico_time/time.c.obj
 *fill*         0x10008307        0x1 
 .rodata.sleep_until.str1.4
                0x10008308       0x4d CMakeFiles/blink.dir/C_/Program_Files/Raspberry_Pi/Pico_SDK_v1.5.0/pico-sdk/src/common/pico_time/time.c.obj
 *fill*         0x10008355        0x3 
 .rodata.__func__.1
                0x10008358       0x18 CMakeFiles/blink.dir/C_/Program_Files/Raspberry_Pi/Pico_SDK_v1.5.0/pico-sdk/src/common/pico_time/time.c.obj
 .rodata.__func__.10
                0x10008370       0x15 CMakeFiles/blink.dir/C_/Program_Files/Raspberry_Pi/Pico_SDK_v1.5.0/pico-sdk/src/common/pico_time/time.c.obj
 *fill*         0x10008385        0x3 
 .rodata.__func__.11
                0x10008388       0x1a CMakeFiles/blink.dir/C_/Program_Files/Raspberry_Pi/Pico_SDK_v1.5.0/pico-sdk/src/common/pico_time/time.c.obj
 *fill*         0x100083a2        0x2 
 .rodata.__func__.12
                0x100083a4        0xa CMakeFiles/blink.dir/C_/Program_Files/Raspberry_Pi/Pico_SDK_v1.5.0/pico-sdk/src/common/pico_time/time.c.obj
 *fill*         0x100083ae        0x2 
 .rodata.__func__.3
                0x100083b0       0x17 CMakeFiles/blink.dir/C_/Program_Files/Raspberry_Pi/Pico_SDK_v1.5.0/pico-sdk/src/common/pico_time/time.c.obj
 *fill*         0x100083c7        0x1 
 .rodata.__func__.4
                0x100083c8       0x12 CMakeFiles/blink.dir/C_/Program_Files/Raspberry_Pi/Pico_SDK_v1.5.0/pico-sdk/src/common/pico_time/time.c.obj
 *fill*         0x100083da        0x2 
 .rodata.__func__.5
                0x100083dc        0xd CMakeFiles/blink.dir/C_/Program_Files/Raspberry_Pi/Pico_SDK_v1.5.0/pico-sdk/src/common/pico_time/time.c.obj
 *fill*         0x100083e9        0x3 
 .rodata.__func__.6
                0x100083ec       0x12 CMakeFiles/blink.dir/C_/Program_Files/Raspberry_Pi/Pico_SDK_v1.5.0/pico-sdk/src/common/pico_time/time.c.obj
 *fill*         0x100083fe        0x2 
 .rodata.__func__.7
                0x10008400        0xf CMakeFiles/blink.dir/C_/Program_Files/Raspberry_Pi/Pico_SDK_v1.5.0/pico-sdk/src/common/pico_time/time.c.obj
 *fill*         0x1000840f        0x1 
 .rodata.__func__.8
                0x10008410        0xc CMakeFiles/blink.dir/C_/Program_Files/Raspberry_Pi/Pico_SDK_v1.5.0/pico-sdk/src/common/pico_time/time.c.obj
 .rodata.__func__.9
                0x1000841c       0x15 CMakeFiles/blink.dir/C_/Program_Files/Raspberry_Pi/Pico_SDK_v1.5.0/pico-sdk/src/common/pico_time/time.c.obj
 *fill*         0x10008431        0x3 
 .rodata.hardware_alarm_claim.str1.4
                0x10008434       0x22 CMakeFiles/blink.dir/C_/Program_Files/Raspberry_Pi/Pico_SDK_v1.5.0/pico-sdk/src/rp2_common/hardware_timer/timer.c.obj
 *fill*         0x10008456        0x2 
 .rodata.hardware_alarm_set_target.str1.4
                0x10008458       0x81 CMakeFiles/blink.dir/C_/Program_Files/Raspberry_Pi/Pico_SDK_v1.5.0/pico-sdk/src/rp2_common/hardware_timer/timer.c.obj
 *fill*         0x100084d9        0x3 
 .rodata.__func__.0
                0x100084dc       0x1a CMakeFiles/blink.dir/C_/Program_Files/Raspberry_Pi/Pico_SDK_v1.5.0/pico-sdk/src/rp2_common/hardware_timer/timer.c.obj
 .rodata.ph_add_child_node.str1.4
                0x100084f6       0xb2 CMakeFiles/blink.dir/C_/Program_Files/Raspberry_Pi/Pico_SDK_v1.5.0/pico-sdk/src/common/pico_util/pheap.c.obj
 *fill*         0x100084f6        0x2 
 .rodata.ph_remove_any_head.str1.4
                0x100084f8       0xa8 CMakeFiles/blink.dir/C_/Program_Files/Raspberry_Pi/Pico_SDK_v1.5.0/pico-sdk/src/common/pico_util/pheap.c.obj
                                 0xbc (size before relaxing)
 .rodata.ph_remove_and_free_node.str1.4
                0x100085a0       0x1e CMakeFiles/blink.dir/C_/Program_Files/Raspberry_Pi/Pico_SDK_v1.5.0/pico-sdk/src/common/pico_util/pheap.c.obj
                                 0x26 (size before relaxing)
 *fill*         0x100085be        0x2 
 .rodata.__func__.0
                0x100085c0       0x18 CMakeFiles/blink.dir/C_/Program_Files/Raspberry_Pi/Pico_SDK_v1.5.0/pico-sdk/src/common/pico_util/pheap.c.obj
 .rodata.__func__.1
                0x100085d8       0x13 CMakeFiles/blink.dir/C_/Program_Files/Raspberry_Pi/Pico_SDK_v1.5.0/pico-sdk/src/common/pico_util/pheap.c.obj
 *fill*         0x100085eb        0x1 
 .rodata.__func__.2
                0x100085ec       0x12 CMakeFiles/blink.dir/C_/Program_Files/Raspberry_Pi/Pico_SDK_v1.5.0/pico-sdk/src/common/pico_util/pheap.c.obj
 *fill*         0x100085fe        0x2 
 .rodata.__func__.3
                0x10008600        0xc CMakeFiles/blink.dir/C_/Program_Files/Raspberry_Pi/Pico_SDK_v1.5.0/pico-sdk/src/common/pico_util/pheap.c.obj
 .rodata.clock_configure.str1.4
                0x1000860c       0x73 CMakeFiles/blink.dir/C_/Program_Files/Raspberry_Pi/Pico_SDK_v1.5.0/pico-sdk/src/rp2_common/hardware_clocks/clocks.c.obj
 *fill*         0x1000867f        0x1 
 .rodata.__func__.1
                0x10008680       0x10 CMakeFiles/blink.dir/C_/Program_Files/Raspberry_Pi/Pico_SDK_v1.5.0/pico-sdk/src/rp2_common/hardware_clocks/clocks.c.obj
 .rodata.pll_init.str1.4
                0x10008690      0x13f CMakeFiles/blink.dir/C_/Program_Files/Raspberry_Pi/Pico_SDK_v1.5.0/pico-sdk/src/rp2_common/hardware_pll/pll.c.obj
 *fill*         0x100087cf        0x1 
 .rodata.__func__.0
                0x100087d0        0x9 CMakeFiles/blink.dir/C_/Program_Files/Raspberry_Pi/Pico_SDK_v1.5.0/pico-sdk/src/rp2_common/hardware_pll/pll.c.obj
 *fill*         0x100087d9        0x3 
 .rodata.__assert_func.str1.4
                0x100087dc       0x3f CMakeFiles/blink.dir/C_/Program_Files/Raspberry_Pi/Pico_SDK_v1.5.0/pico-sdk/src/rp2_common/pico_runtime/runtime.c.obj
                                 0x43 (size before relaxing)
 *fill*         0x1000881b        0x1 
 .rodata.runtime_init.str1.4
                0x1000881c       0x7d CMakeFiles/blink.dir/C_/Program_Files/Raspberry_Pi/Pico_SDK_v1.5.0/pico-sdk/src/rp2_common/pico_runtime/runtime.c.obj
 *fill*         0x10008899        0x3 
 .rodata.panic.str1.4
                0x1000889c       0x12 CMakeFiles/blink.dir/C_/Program_Files/Raspberry_Pi/Pico_SDK_v1.5.0/pico-sdk/src/rp2_common/pico_runtime/runtime.c.obj
 *fill*         0x100088ae        0x2 
 .rodata.__func__.2
                0x100088b0        0xd CMakeFiles/blink.dir/C_/Program_Files/Raspberry_Pi/Pico_SDK_v1.5.0/pico-sdk/src/rp2_common/pico_runtime/runtime.c.obj
 *fill*         0x100088bd        0x3 
 .rodata._ftoa.str1.4
                0x100088c0       0x15 CMakeFiles/blink.dir/C_/Program_Files/Raspberry_Pi/Pico_SDK_v1.5.0/pico-sdk/src/rp2_common/pico_printf/printf.c.obj
 *fill*         0x100088d5        0x3 
 .rodata._vsnprintf
                0x100088d8      0x1e0 CMakeFiles/blink.dir/C_/Program_Files/Raspberry_Pi/Pico_SDK_v1.5.0/pico-sdk/src/rp2_common/pico_printf/printf.c.obj
 .rodata.pow10.0
                0x10008ab8       0x50 CMakeFiles/blink.dir/C_/Program_Files/Raspberry_Pi/Pico_SDK_v1.5.0/pico-sdk/src/rp2_common/pico_printf/printf.c.obj
 .rodata.__aeabi_double_init.str1.4
                0x10008b08       0xc4 CMakeFiles/blink.dir/C_/Program_Files/Raspberry_Pi/Pico_SDK_v1.5.0/pico-sdk/src/rp2_common/pico_double/double_init_rom.c.obj
 .rodata.__func__.0
                0x10008bcc       0x14 CMakeFiles/blink.dir/C_/Program_Files/Raspberry_Pi/Pico_SDK_v1.5.0/pico-sdk/src/rp2_common/pico_double/double_init_rom.c.obj
 .rodata.__aeabi_float_init.str1.4
                0x10008be0       0x96 CMakeFiles/blink.dir/C_/Program_Files/Raspberry_Pi/Pico_SDK_v1.5.0/pico-sdk/src/rp2_common/pico_float/float_init_rom.c.obj
                                 0x9a (size before relaxing)
 *fill*         0x10008c76        0x2 
 .rodata.__func__.0
                0x10008c78       0x13 CMakeFiles/blink.dir/C_/Program_Files/Raspberry_Pi/Pico_SDK_v1.5.0/pico-sdk/src/rp2_common/pico_float/float_init_rom.c.obj
 *fill*         0x10008c8b        0x1 
 .rodata.str1.4
                0x10008c8c       0x40 CMakeFiles/blink.dir/C_/Program_Files/Raspberry_Pi/Pico_SDK_v1.5.0/pico-sdk/src/rp2_common/pico_standard_link/binary_info.c.obj
 .rodata.__bi_44
                0x10008ccc        0xc CMakeFiles/blink.dir/C_/Program_Files/Raspberry_Pi/Pico_SDK_v1.5.0/pico-sdk/src/rp2_common/pico_standard_link/binary_info.c.obj
 .rodata.__bi_75
                0x10008cd8        0xc CMakeFiles/blink.dir/C_/Program_Files/Raspberry_Pi/Pico_SDK_v1.5.0/pico-sdk/src/rp2_common/pico_standard_link/binary_info.c.obj
 .rodata.__bi_81
                0x10008ce4        0xc CMakeFiles/blink.dir/C_/Program_Files/Raspberry_Pi/Pico_SDK_v1.5.0/pico-sdk/src/rp2_common/pico_standard_link/binary_info.c.obj
 .rodata.stdout_serialize_begin.str1.4
                0x10008cf0       0x7d CMakeFiles/blink.dir/C_/Program_Files/Raspberry_Pi/Pico_SDK_v1.5.0/pico-sdk/src/rp2_common/pico_stdio/stdio.c.obj
 .rodata.__func__.3
                0x10008cf0       0x15 CMakeFiles/blink.dir/C_/Program_Files/Raspberry_Pi/Pico_SDK_v1.5.0/pico-sdk/src/rp2_common/pico_stdio/stdio.c.obj
 *fill*         0x10008d05        0x3 
 .rodata.crlf_str.2
                0x10008d08        0x2 CMakeFiles/blink.dir/C_/Program_Files/Raspberry_Pi/Pico_SDK_v1.5.0/pico-sdk/src/rp2_common/pico_stdio/stdio.c.obj
 *fill*         0x10008d0a        0x2 
 .rodata._resetd_driver
                0x10008d0c       0x18 CMakeFiles/blink.dir/C_/Program_Files/Raspberry_Pi/Pico_SDK_v1.5.0/pico-sdk/src/rp2_common/pico_stdio_usb/reset_interface.c.obj
 .rodata.low_priority_worker_irq.str1.4
                0x10008d24       0x7d CMakeFiles/blink.dir/C_/Program_Files/Raspberry_Pi/Pico_SDK_v1.5.0/pico-sdk/src/rp2_common/pico_stdio_usb/stdio_usb.c.obj
 .rodata.stdio_usb_init.str1.4
                0x10008d24       0x61 CMakeFiles/blink.dir/C_/Program_Files/Raspberry_Pi/Pico_SDK_v1.5.0/pico-sdk/src/rp2_common/pico_stdio_usb/stdio_usb.c.obj
                                 0x69 (size before relaxing)
 *fill*         0x10008d85        0x3 
 .rodata.str1.4
                0x10008d88       0x13 CMakeFiles/blink.dir/C_/Program_Files/Raspberry_Pi/Pico_SDK_v1.5.0/pico-sdk/src/rp2_common/pico_stdio_usb/stdio_usb.c.obj
 *fill*         0x10008d9b        0x1 
 .rodata.__bi_188.0
                0x10008d9c        0xc CMakeFiles/blink.dir/C_/Program_Files/Raspberry_Pi/Pico_SDK_v1.5.0/pico-sdk/src/rp2_common/pico_stdio_usb/stdio_usb.c.obj
 .rodata.__func__.1
                0x10008da8        0xf CMakeFiles/blink.dir/C_/Program_Files/Raspberry_Pi/Pico_SDK_v1.5.0/pico-sdk/src/rp2_common/pico_stdio_usb/stdio_usb.c.obj
 *fill*         0x10008db7        0x1 
 .rodata.__func__.3
                0x10008db8       0x15 CMakeFiles/blink.dir/C_/Program_Files/Raspberry_Pi/Pico_SDK_v1.5.0/pico-sdk/src/rp2_common/pico_stdio_usb/stdio_usb.c.obj
 *fill*         0x10008dcd        0x3 
 .rodata.str1.4
                0x10008dd0       0x2a CMakeFiles/blink.dir/C_/Program_Files/Raspberry_Pi/Pico_SDK_v1.5.0/pico-sdk/src/rp2_common/pico_stdio_usb/stdio_usb_descriptors.c.obj
 *fill*         0x10008dfa        0x2 
 .rodata.usbd_desc_cfg
                0x10008dfc       0x54 CMakeFiles/blink.dir/C_/Program_Files/Raspberry_Pi/Pico_SDK_v1.5.0/pico-sdk/src/rp2_common/pico_stdio_usb/stdio_usb_descriptors.c.obj
 .rodata.usbd_desc_device
                0x10008e50       0x12 CMakeFiles/blink.dir/C_/Program_Files/Raspberry_Pi/Pico_SDK_v1.5.0/pico-sdk/src/rp2_common/pico_stdio_usb/stdio_usb_descriptors.c.obj
 *fill*         0x10008e62        0x2 
 .rodata.usbd_desc_str
                0x10008e64       0x18 CMakeFiles/blink.dir/C_/Program_Files/Raspberry_Pi/Pico_SDK_v1.5.0/pico-sdk/src/rp2_common/pico_stdio_usb/stdio_usb_descriptors.c.obj
 .rodata.pico_get_unique_board_id_string.str1.4
                0x10008e7c       0x69 CMakeFiles/blink.dir/C_/Program_Files/Raspberry_Pi/Pico_SDK_v1.5.0/pico-sdk/src/rp2_common/pico_unique_id/unique_id.c.obj
 *fill*         0x10008ee5        0x3 
 .rodata.__func__.0
                0x10008ee8       0x20 CMakeFiles/blink.dir/C_/Program_Files/Raspberry_Pi/Pico_SDK_v1.5.0/pico-sdk/src/rp2_common/pico_unique_id/unique_id.c.obj
 .rodata.str1.4
                0x10008f08      0x176 CMakeFiles/blink.dir/C_/Program_Files/Raspberry_Pi/Pico_SDK_v1.5.0/pico-sdk/src/rp2_common/hardware_flash/flash.c.obj
 *fill*         0x1000907e        0x2 
 .rodata.__func__.0
                0x10009080        0xd CMakeFiles/blink.dir/C_/Program_Files/Raspberry_Pi/Pico_SDK_v1.5.0/pico-sdk/src/rp2_common/hardware_flash/flash.c.obj
 *fill*         0x1000908d        0x3 
 .rodata._hw_endpoint_alloc.str1.4
                0x10009090       0xd1 CMakeFiles/blink.dir/C_/Program_Files/Raspberry_Pi/Pico_SDK_v1.5.0/pico-sdk/lib/tinyusb/src/portable/raspberrypi/rp2040/dcd_rp2040.c.obj
 *fill*         0x10009161        0x3 
 .rodata.str1.4
                0x10009164       0x14 CMakeFiles/blink.dir/C_/Program_Files/Raspberry_Pi/Pico_SDK_v1.5.0/pico-sdk/lib/tinyusb/src/portable/raspberrypi/rp2040/dcd_rp2040.c.obj
 .rodata.dcd_int_enable.str1.4
                0x10009178        0xc CMakeFiles/blink.dir/C_/Program_Files/Raspberry_Pi/Pico_SDK_v1.5.0/pico-sdk/lib/tinyusb/src/portable/raspberrypi/rp2040/dcd_rp2040.c.obj
 .rodata.__func__.0
                0x10009184        0xe CMakeFiles/blink.dir/C_/Program_Files/Raspberry_Pi/Pico_SDK_v1.5.0/pico-sdk/lib/tinyusb/src/portable/raspberrypi/rp2040/dcd_rp2040.c.obj
 *fill*         0x10009192        0x2 
 .rodata.__func__.1
                0x10009194        0xe CMakeFiles/blink.dir/C_/Program_Files/Raspberry_Pi/Pico_SDK_v1.5.0/pico-sdk/lib/tinyusb/src/portable/raspberrypi/rp2040/dcd_rp2040.c.obj
 *fill*         0x100091a2        0x2 
 .rodata.__func__.3
                0x100091a4       0x10 CMakeFiles/blink.dir/C_/Program_Files/Raspberry_Pi/Pico_SDK_v1.5.0/pico-sdk/lib/tinyusb/src/portable/raspberrypi/rp2040/dcd_rp2040.c.obj
 .rodata.__func__.5
                0x100091b4        0xf CMakeFiles/blink.dir/C_/Program_Files/Raspberry_Pi/Pico_SDK_v1.5.0/pico-sdk/lib/tinyusb/src/portable/raspberrypi/rp2040/dcd_rp2040.c.obj
 *fill*         0x100091c3        0x1 
 .rodata.__func__.6
                0x100091c4       0x13 CMakeFiles/blink.dir/C_/Program_Files/Raspberry_Pi/Pico_SDK_v1.5.0/pico-sdk/lib/tinyusb/src/portable/raspberrypi/rp2040/dcd_rp2040.c.obj
 *fill*         0x100091d7        0x1 
 .rodata.__func__.7
                0x100091d8        0x9 CMakeFiles/blink.dir/C_/Program_Files/Raspberry_Pi/Pico_SDK_v1.5.0/pico-sdk/lib/tinyusb/src/portable/raspberrypi/rp2040/dcd_rp2040.c.obj
 *fill*         0x100091e1        0x3 
 .rodata.str1.4
                0x100091e4      0x103 CMakeFiles/blink.dir/C_/Program_Files/Raspberry_Pi/Pico_SDK_v1.5.0/pico-sdk/lib/tinyusb/src/portable/raspberrypi/rp2040/rp2040_usb.c.obj
 *fill*         0x100092e7        0x1 
 .rodata.__func__.0
                0x100092e8        0xf CMakeFiles/blink.dir/C_/Program_Files/Raspberry_Pi/Pico_SDK_v1.5.0/pico-sdk/lib/tinyusb/src/portable/raspberrypi/rp2040/rp2040_usb.c.obj
 *fill*         0x100092f7        0x1 
 .rodata.process_get_descriptor
                0x100092f8       0x40 CMakeFiles/blink.dir/C_/Program_Files/Raspberry_Pi/Pico_SDK_v1.5.0/pico-sdk/lib/tinyusb/src/device/usbd.c.obj
 .rodata.process_control_request
                0x10009338       0x28 CMakeFiles/blink.dir/C_/Program_Files/Raspberry_Pi/Pico_SDK_v1.5.0/pico-sdk/lib/tinyusb/src/device/usbd.c.obj
 .rodata.tud_task_ext
                0x10009360       0x24 CMakeFiles/blink.dir/C_/Program_Files/Raspberry_Pi/Pico_SDK_v1.5.0/pico-sdk/lib/tinyusb/src/device/usbd.c.obj
 .rodata._usbd_driver
                0x10009384       0x18 CMakeFiles/blink.dir/C_/Program_Files/Raspberry_Pi/Pico_SDK_v1.5.0/pico-sdk/lib/tinyusb/src/device/usbd.c.obj
 .rodata._pio_find_offset_for_program.str1.4
                0x1000939c       0x85 CMakeFiles/blink.dir/C_/Program_Files/Raspberry_Pi/Pico_SDK_v1.5.0/pico-sdk/src/rp2_common/hardware_pio/pio.c.obj
 *fill*         0x10009421        0x3 
 .rodata._pio_add_program_at_offset.str1.4
                0x10009424       0x11 CMakeFiles/blink.dir/C_/Program_Files/Raspberry_Pi/Pico_SDK_v1.5.0/pico-sdk/src/rp2_common/hardware_pio/pio.c.obj
 *fill*         0x10009435        0x3 
 .rodata.pio_claim_unused_sm.str1.4
                0x10009438       0x24 CMakeFiles/blink.dir/C_/Program_Files/Raspberry_Pi/Pico_SDK_v1.5.0/pico-sdk/src/rp2_common/hardware_pio/pio.c.obj
 .rodata.__func__.1
                0x1000945c       0x1d CMakeFiles/blink.dir/C_/Program_Files/Raspberry_Pi/Pico_SDK_v1.5.0/pico-sdk/src/rp2_common/hardware_pio/pio.c.obj
 *fill*         0x10009479        0x3 
 .rodata.multicore_lockout_start_block_until.str1.4
                0x1000947c       0x79 CMakeFiles/blink.dir/C_/Program_Files/Raspberry_Pi/Pico_SDK_v1.5.0/pico-sdk/src/rp2_common/pico_multicore/multicore.c.obj
 *fill*         0x100094f5        0x3 
 .rodata.multicore_launch_core1_with_stack.str1.4
                0x100094f8       0x19 CMakeFiles/blink.dir/C_/Program_Files/Raspberry_Pi/Pico_SDK_v1.5.0/pico-sdk/src/rp2_common/pico_multicore/multicore.c.obj
 *fill*         0x10009511        0x3 
 .rodata.__func__.2
                0x10009514       0x22 CMakeFiles/blink.dir/C_/Program_Files/Raspberry_Pi/Pico_SDK_v1.5.0/pico-sdk/src/rp2_common/pico_multicore/multicore.c.obj
 *fill*         0x10009536        0x2 
 .rodata.capture_additional_rosc_samples.str1.4
                0x10009538      0x11f CMakeFiles/blink.dir/C_/Program_Files/Raspberry_Pi/Pico_SDK_v1.5.0/pico-sdk/src/rp2_common/pico_rand/rand.c.obj
                                0x1a1 (size before relaxing)
 *fill*         0x10009657        0x1 
 .rodata.initialise_rand.str1.4
                0x10009658        0xa CMakeFiles/blink.dir/C_/Program_Files/Raspberry_Pi/Pico_SDK_v1.5.0/pico-sdk/src/rp2_common/pico_rand/rand.c.obj
 *fill*         0x10009662        0x2 
 .rodata.__func__.0
                0x10009664       0x15 CMakeFiles/blink.dir/C_/Program_Files/Raspberry_Pi/Pico_SDK_v1.5.0/pico-sdk/src/rp2_common/pico_rand/rand.c.obj
 *fill*         0x10009679        0x3 
 .rodata.__func__.2
                0x1000967c       0x20 CMakeFiles/blink.dir/C_/Program_Files/Raspberry_Pi/Pico_SDK_v1.5.0/pico-sdk/src/rp2_common/pico_rand/rand.c.obj
 .rodata.__func__.3
                0x1000969c       0x10 CMakeFiles/blink.dir/C_/Program_Files/Raspberry_Pi/Pico_SDK_v1.5.0/pico-sdk/src/rp2_common/pico_rand/rand.c.obj
                0x100096ac                . = ALIGN (0x4)
 *(SORT_BY_ALIGNMENT(SORT_BY_NAME(.flashdata*)))
                0x100096ac                . = ALIGN (0x4)

.rel.dyn        0x100096ac        0x0
 .rel.iplt      0x100096ac        0x0 c:/progra~1/raspbe~1/picosd~1.0/gcc-ar~1/bin/../lib/gcc/arm-none-eabi/10.3.1/thumb/v6-m/nofp/crtbegin.o

.ARM.extab
 *(.ARM.extab* .gnu.linkonce.armextab.*)
                0x100096ac                __exidx_start = .

.ARM.exidx
 *(.ARM.exidx* .gnu.linkonce.armexidx.*)
                0x100096ac                __exidx_end = .
                0x100096ac                . = ALIGN (0x4)
                0x100096ac                __binary_info_start = .

.binary_info    0x100096ac       0x20
 *(.binary_info.keep.*)
 .binary_info.keep.__bi_ptr22